php-smoke (8.1)	Set up job	﻿2025-10-20T13:09:02.0924687Z Current runner version: '2.328.0'
php-smoke (8.1)	Set up job	2025-10-20T13:09:02.0958843Z ##[group]Runner Image Provisioner
php-smoke (8.1)	Set up job	2025-10-20T13:09:02.0960091Z Hosted Compute Agent
php-smoke (8.1)	Set up job	2025-10-20T13:09:02.0960977Z Version: 20251013.424
php-smoke (8.1)	Set up job	2025-10-20T13:09:02.0962115Z Commit: cfdd8bfed34d71a55b72df4d2e82343c3fc2bab3
php-smoke (8.1)	Set up job	2025-10-20T13:09:02.0963167Z Build Date: 2025-10-13T20:22:23Z
php-smoke (8.1)	Set up job	2025-10-20T13:09:02.0964190Z ##[endgroup]
php-smoke (8.1)	Set up job	2025-10-20T13:09:02.0964978Z ##[group]Operating System
php-smoke (8.1)	Set up job	2025-10-20T13:09:02.0965852Z Ubuntu
php-smoke (8.1)	Set up job	2025-10-20T13:09:02.0966629Z 24.04.3
php-smoke (8.1)	Set up job	2025-10-20T13:09:02.0967315Z LTS
php-smoke (8.1)	Set up job	2025-10-20T13:09:02.0968017Z ##[endgroup]
php-smoke (8.1)	Set up job	2025-10-20T13:09:02.0968737Z ##[group]Runner Image
php-smoke (8.1)	Set up job	2025-10-20T13:09:02.0969751Z Image: ubuntu-24.04
php-smoke (8.1)	Set up job	2025-10-20T13:09:02.0970512Z Version: 20251014.76.1
php-smoke (8.1)	Set up job	2025-10-20T13:09:02.0972346Z Included Software: https://github.com/actions/runner-images/blob/ubuntu24/20251014.76/images/ubuntu/Ubuntu2404-Readme.md
php-smoke (8.1)	Set up job	2025-10-20T13:09:02.0974812Z Image Release: https://github.com/actions/runner-images/releases/tag/ubuntu24%2F20251014.76
php-smoke (8.1)	Set up job	2025-10-20T13:09:02.0976774Z ##[endgroup]
php-smoke (8.1)	Set up job	2025-10-20T13:09:02.0978465Z ##[group]GITHUB_TOKEN Permissions
php-smoke (8.1)	Set up job	2025-10-20T13:09:02.0980897Z Contents: read
php-smoke (8.1)	Set up job	2025-10-20T13:09:02.0981870Z Metadata: read
php-smoke (8.1)	Set up job	2025-10-20T13:09:02.0982877Z Packages: read
php-smoke (8.1)	Set up job	2025-10-20T13:09:02.0983764Z ##[endgroup]
php-smoke (8.1)	Set up job	2025-10-20T13:09:02.0986909Z Secret source: Actions
php-smoke (8.1)	Set up job	2025-10-20T13:09:02.0987997Z Prepare workflow directory
php-smoke (8.1)	Set up job	2025-10-20T13:09:02.1436752Z Prepare all required actions
php-smoke (8.1)	Set up job	2025-10-20T13:09:02.1492529Z Getting action download info
php-smoke (8.1)	Set up job	2025-10-20T13:09:02.6009309Z Download action repository 'actions/checkout@v4' (SHA:08eba0b27e820071cde6df949e0beb9ba4906955)
php-smoke (8.1)	Set up job	2025-10-20T13:09:02.8185888Z Download action repository 'shivammathur/setup-php@v2' (SHA:bf6b4fbd49ca58e4608c9c89fba0b8d90bd2a39f)
php-smoke (8.1)	Set up job	2025-10-20T13:09:03.3174163Z Download action repository 'actions/upload-artifact@v4' (SHA:ea165f8d65b6e75b540449e92b4886f43607fa02)
php-smoke (8.1)	Set up job	2025-10-20T13:09:03.5060532Z Complete job name: php-smoke (8.1)
php-smoke (8.1)	Run actions/checkout@v4	﻿2025-10-20T13:09:03.5732272Z ##[group]Run actions/checkout@v4
php-smoke (8.1)	Run actions/checkout@v4	2025-10-20T13:09:03.5733147Z with:
php-smoke (8.1)	Run actions/checkout@v4	2025-10-20T13:09:03.5733579Z   repository: hplaatjies/POS_HHP
php-smoke (8.1)	Run actions/checkout@v4	2025-10-20T13:09:03.5734223Z   token: ***
php-smoke (8.1)	Run actions/checkout@v4	2025-10-20T13:09:03.5734591Z   ssh-strict: true
php-smoke (8.1)	Run actions/checkout@v4	2025-10-20T13:09:03.5734974Z   ssh-user: git
php-smoke (8.1)	Run actions/checkout@v4	2025-10-20T13:09:03.5735362Z   persist-credentials: true
php-smoke (8.1)	Run actions/checkout@v4	2025-10-20T13:09:03.5735794Z   clean: true
php-smoke (8.1)	Run actions/checkout@v4	2025-10-20T13:09:03.5736176Z   sparse-checkout-cone-mode: true
php-smoke (8.1)	Run actions/checkout@v4	2025-10-20T13:09:03.5736641Z   fetch-depth: 1
php-smoke (8.1)	Run actions/checkout@v4	2025-10-20T13:09:03.5737008Z   fetch-tags: false
php-smoke (8.1)	Run actions/checkout@v4	2025-10-20T13:09:03.5737404Z   show-progress: true
php-smoke (8.1)	Run actions/checkout@v4	2025-10-20T13:09:03.5737791Z   lfs: false
php-smoke (8.1)	Run actions/checkout@v4	2025-10-20T13:09:03.5738159Z   submodules: false
php-smoke (8.1)	Run actions/checkout@v4	2025-10-20T13:09:03.5738550Z   set-safe-directory: true
php-smoke (8.1)	Run actions/checkout@v4	2025-10-20T13:09:03.5739172Z ##[endgroup]
php-smoke (8.1)	Run actions/checkout@v4	2025-10-20T13:09:03.6835396Z Syncing repository: hplaatjies/POS_HHP
php-smoke (8.1)	Run actions/checkout@v4	2025-10-20T13:09:03.6838108Z ##[group]Getting Git version info
php-smoke (8.1)	Run actions/checkout@v4	2025-10-20T13:09:03.6839249Z Working directory is '/home/runner/work/POS_HHP/POS_HHP'
php-smoke (8.1)	Run actions/checkout@v4	2025-10-20T13:09:03.6840820Z [command]/usr/bin/git version
php-smoke (8.1)	Run actions/checkout@v4	2025-10-20T13:09:03.6901128Z git version 2.51.0
php-smoke (8.1)	Run actions/checkout@v4	2025-10-20T13:09:03.6928240Z ##[endgroup]
php-smoke (8.1)	Run actions/checkout@v4	2025-10-20T13:09:03.6944500Z Temporarily overriding HOME='/home/runner/work/_temp/1500ed17-3bed-4393-b4fd-912c7253af35' before making global git config changes
php-smoke (8.1)	Run actions/checkout@v4	2025-10-20T13:09:03.6946848Z Adding repository directory to the temporary git global config as a safe directory
php-smoke (8.1)	Run actions/checkout@v4	2025-10-20T13:09:03.6959350Z [command]/usr/bin/git config --global --add safe.directory /home/runner/work/POS_HHP/POS_HHP
php-smoke (8.1)	Run actions/checkout@v4	2025-10-20T13:09:03.6996249Z Deleting the contents of '/home/runner/work/POS_HHP/POS_HHP'
php-smoke (8.1)	Run actions/checkout@v4	2025-10-20T13:09:03.6999989Z ##[group]Initializing the repository
php-smoke (8.1)	Run actions/checkout@v4	2025-10-20T13:09:03.7004741Z [command]/usr/bin/git init /home/runner/work/POS_HHP/POS_HHP
php-smoke (8.1)	Run actions/checkout@v4	2025-10-20T13:09:03.7091593Z hint: Using 'master' as the name for the initial branch. This default branch name
php-smoke (8.1)	Run actions/checkout@v4	2025-10-20T13:09:03.7093299Z hint: is subject to change. To configure the initial branch name to use in all
php-smoke (8.1)	Run actions/checkout@v4	2025-10-20T13:09:03.7094551Z hint: of your new repositories, which will suppress this warning, call:
php-smoke (8.1)	Run actions/checkout@v4	2025-10-20T13:09:03.7095843Z hint:
php-smoke (8.1)	Run actions/checkout@v4	2025-10-20T13:09:03.7096510Z hint: 	git config --global init.defaultBranch <name>
php-smoke (8.1)	Run actions/checkout@v4	2025-10-20T13:09:03.7097588Z hint:
php-smoke (8.1)	Run actions/checkout@v4	2025-10-20T13:09:03.7098617Z hint: Names commonly chosen instead of 'master' are 'main', 'trunk' and
php-smoke (8.1)	Run actions/checkout@v4	2025-10-20T13:09:03.7100280Z hint: 'development'. The just-created branch can be renamed via this command:
php-smoke (8.1)	Run actions/checkout@v4	2025-10-20T13:09:03.7101567Z hint:
php-smoke (8.1)	Run actions/checkout@v4	2025-10-20T13:09:03.7102589Z hint: 	git branch -m <name>
php-smoke (8.1)	Run actions/checkout@v4	2025-10-20T13:09:03.7103454Z hint:
php-smoke (8.1)	Run actions/checkout@v4	2025-10-20T13:09:03.7104536Z hint: Disable this message with "git config set advice.defaultBranchName false"
php-smoke (8.1)	Run actions/checkout@v4	2025-10-20T13:09:03.7106322Z Initialized empty Git repository in /home/runner/work/POS_HHP/POS_HHP/.git/
php-smoke (8.1)	Run actions/checkout@v4	2025-10-20T13:09:03.7109366Z [command]/usr/bin/git remote add origin https://github.com/hplaatjies/POS_HHP
php-smoke (8.1)	Run actions/checkout@v4	2025-10-20T13:09:03.7147596Z ##[endgroup]
php-smoke (8.1)	Run actions/checkout@v4	2025-10-20T13:09:03.7148798Z ##[group]Disabling automatic garbage collection
php-smoke (8.1)	Run actions/checkout@v4	2025-10-20T13:09:03.7152738Z [command]/usr/bin/git config --local gc.auto 0
php-smoke (8.1)	Run actions/checkout@v4	2025-10-20T13:09:03.7182746Z ##[endgroup]
php-smoke (8.1)	Run actions/checkout@v4	2025-10-20T13:09:03.7183958Z ##[group]Setting up auth
php-smoke (8.1)	Run actions/checkout@v4	2025-10-20T13:09:03.7190380Z [command]/usr/bin/git config --local --name-only --get-regexp core\.sshCommand
php-smoke (8.1)	Run actions/checkout@v4	2025-10-20T13:09:03.7221009Z [command]/usr/bin/git submodule foreach --recursive sh -c "git config --local --name-only --get-regexp 'core\.sshCommand' && git config --local --unset-all 'core.sshCommand' || :"
php-smoke (8.1)	Run actions/checkout@v4	2025-10-20T13:09:03.7535276Z [command]/usr/bin/git config --local --name-only --get-regexp http\.https\:\/\/github\.com\/\.extraheader
php-smoke (8.1)	Run actions/checkout@v4	2025-10-20T13:09:03.7565509Z [command]/usr/bin/git submodule foreach --recursive sh -c "git config --local --name-only --get-regexp 'http\.https\:\/\/github\.com\/\.extraheader' && git config --local --unset-all 'http.https://github.com/.extraheader' || :"
php-smoke (8.1)	Run actions/checkout@v4	2025-10-20T13:09:03.7789355Z [command]/usr/bin/git config --local http.https://github.com/.extraheader AUTHORIZATION: basic ***
php-smoke (8.1)	Run actions/checkout@v4	2025-10-20T13:09:03.7834240Z ##[endgroup]
php-smoke (8.1)	Run actions/checkout@v4	2025-10-20T13:09:03.7835694Z ##[group]Fetching the repository
php-smoke (8.1)	Run actions/checkout@v4	2025-10-20T13:09:03.7843661Z [command]/usr/bin/git -c protocol.version=2 fetch --no-tags --prune --no-recurse-submodules --depth=1 origin +e6136f4a7fafba8557f6f0e599b77e46233e48ee:refs/remotes/origin/upgrade-maatwebsite-excel
php-smoke (8.1)	Run actions/checkout@v4	2025-10-20T13:09:04.8271610Z From https://github.com/hplaatjies/POS_HHP
php-smoke (8.1)	Run actions/checkout@v4	2025-10-20T13:09:04.8274259Z  * [new ref]         e6136f4a7fafba8557f6f0e599b77e46233e48ee -> origin/upgrade-maatwebsite-excel
php-smoke (8.1)	Run actions/checkout@v4	2025-10-20T13:09:04.8303801Z ##[endgroup]
php-smoke (8.1)	Run actions/checkout@v4	2025-10-20T13:09:04.8305205Z ##[group]Determining the checkout info
php-smoke (8.1)	Run actions/checkout@v4	2025-10-20T13:09:04.8307268Z ##[endgroup]
php-smoke (8.1)	Run actions/checkout@v4	2025-10-20T13:09:04.8311400Z [command]/usr/bin/git sparse-checkout disable
php-smoke (8.1)	Run actions/checkout@v4	2025-10-20T13:09:04.8354841Z [command]/usr/bin/git config --local --unset-all extensions.worktreeConfig
php-smoke (8.1)	Run actions/checkout@v4	2025-10-20T13:09:04.8384265Z ##[group]Checking out the ref
php-smoke (8.1)	Run actions/checkout@v4	2025-10-20T13:09:04.8389160Z [command]/usr/bin/git checkout --progress --force -B upgrade-maatwebsite-excel refs/remotes/origin/upgrade-maatwebsite-excel
php-smoke (8.1)	Run actions/checkout@v4	2025-10-20T13:09:05.0372417Z Switched to a new branch 'upgrade-maatwebsite-excel'
php-smoke (8.1)	Run actions/checkout@v4	2025-10-20T13:09:05.0374776Z branch 'upgrade-maatwebsite-excel' set up to track 'origin/upgrade-maatwebsite-excel'.
php-smoke (8.1)	Run actions/checkout@v4	2025-10-20T13:09:05.0388124Z ##[endgroup]
php-smoke (8.1)	Run actions/checkout@v4	2025-10-20T13:09:05.0426123Z [command]/usr/bin/git log -1 --format=%H
php-smoke (8.1)	Run actions/checkout@v4	2025-10-20T13:09:05.0447728Z e6136f4a7fafba8557f6f0e599b77e46233e48ee
php-smoke (8.1)	Setup PHP	﻿2025-10-20T13:09:05.0709844Z ##[group]Run shivammathur/setup-php@v2
php-smoke (8.1)	Setup PHP	2025-10-20T13:09:05.0711173Z with:
php-smoke (8.1)	Setup PHP	2025-10-20T13:09:05.0712165Z   php-version: 8.1
php-smoke (8.1)	Setup PHP	2025-10-20T13:09:05.0713086Z   tools: composer
php-smoke (8.1)	Setup PHP	2025-10-20T13:09:05.0713993Z   ini-file: production
php-smoke (8.1)	Setup PHP	2025-10-20T13:09:05.0715382Z   github-token: ***
php-smoke (8.1)	Setup PHP	2025-10-20T13:09:05.0716293Z ##[endgroup]
php-smoke (8.1)	Setup PHP	2025-10-20T13:09:05.1434969Z [command]/usr/bin/bash /home/runner/work/_actions/shivammathur/setup-php/v2/src/scripts/run.sh
php-smoke (8.1)	Setup PHP	2025-10-20T13:09:05.1682540Z 
php-smoke (8.1)	Setup PHP	2025-10-20T13:09:05.1684005Z [90;1m==> [0m[37;1mSetup PHP[0m
php-smoke (8.1)	Setup PHP	2025-10-20T13:09:12.0855175Z [32;1m✓ [0m[34;1mPHP [0m[90;1mInstalled PHP 8.1.33[0m
php-smoke (8.1)	Setup PHP	2025-10-20T13:09:12.0855999Z 
php-smoke (8.1)	Setup PHP	2025-10-20T13:09:12.0856477Z [90;1m==> [0m[37;1mSetup Tools[0m
php-smoke (8.1)	Setup PHP	2025-10-20T13:09:12.3352067Z [32;1m✓ [0m[34;1mcomposer [0m[90;1mAdded composer 2.8.12[0m
php-smoke (8.1)	Setup PHP	2025-10-20T13:09:12.3352836Z 
php-smoke (8.1)	Setup PHP	2025-10-20T13:09:12.3353201Z [90;1m==> [0m[37;1mSponsor setup-php[0m
php-smoke (8.1)	Setup PHP	2025-10-20T13:09:12.3354070Z [32;1m✓ [0m[34;1msetup-php [0m[90;1mhttps://setup-php.com/sponsor[0m
php-smoke (8.1)	Composer install (from lock)	﻿2025-10-20T13:09:12.3565430Z ##[group]Run composer config platform.php 8.1
php-smoke (8.1)	Composer install (from lock)	2025-10-20T13:09:12.3565883Z [36;1mcomposer config platform.php 8.1[0m
php-smoke (8.1)	Composer install (from lock)	2025-10-20T13:09:12.3566399Z [36;1mcomposer install --no-ansi --no-interaction --no-progress --no-scripts || true[0m
php-smoke (8.1)	Composer install (from lock)	2025-10-20T13:09:12.3601383Z shell: /usr/bin/bash -e {0}
php-smoke (8.1)	Composer install (from lock)	2025-10-20T13:09:12.3601691Z env:
php-smoke (8.1)	Composer install (from lock)	2025-10-20T13:09:12.3602122Z   COMPOSER_PROCESS_TIMEOUT: 0
php-smoke (8.1)	Composer install (from lock)	2025-10-20T13:09:12.3602414Z   COMPOSER_NO_INTERACTION: 1
php-smoke (8.1)	Composer install (from lock)	2025-10-20T13:09:12.3602669Z   COMPOSER_NO_AUDIT: 1
php-smoke (8.1)	Composer install (from lock)	2025-10-20T13:09:12.3602937Z ##[endgroup]
php-smoke (8.1)	Composer install (from lock)	2025-10-20T13:09:12.7594169Z Installing dependencies from lock file (including require-dev)
php-smoke (8.1)	Composer install (from lock)	2025-10-20T13:09:12.7638295Z Verifying lock file contents can be installed on current platform.
php-smoke (8.1)	Composer install (from lock)	2025-10-20T13:09:12.7701220Z Warning: The lock file is not up to date with the latest changes in composer.json. You may be getting outdated dependencies. It is recommended that you run `composer update` or `composer update <package name>`.
php-smoke (8.1)	Composer install (from lock)	2025-10-20T13:09:12.7836709Z Package operations: 104 installs, 0 updates, 0 removals
php-smoke (8.1)	Composer install (from lock)	2025-10-20T13:09:12.7856012Z   - Downloading kylekatarnls/update-helper (1.2.1)
php-smoke (8.1)	Composer install (from lock)	2025-10-20T13:09:12.7866565Z   - Downloading symfony/finder (v3.4.47)
php-smoke (8.1)	Composer install (from lock)	2025-10-20T13:09:12.7872609Z   - Downloading psr/log (1.1.4)
php-smoke (8.1)	Composer install (from lock)	2025-10-20T13:09:12.7873679Z   - Downloading symfony/debug (v3.4.47)
php-smoke (8.1)	Composer install (from lock)	2025-10-20T13:09:12.7876784Z   - Downloading symfony/polyfill-iconv (v1.33.0)
php-smoke (8.1)	Composer install (from lock)	2025-10-20T13:09:12.7880061Z   - Downloading symfony/polyfill-mbstring (v1.33.0)
php-smoke (8.1)	Composer install (from lock)	2025-10-20T13:09:12.7883638Z   - Downloading symfony/var-dumper (v3.4.47)
php-smoke (8.1)	Composer install (from lock)	2025-10-20T13:09:12.7887525Z   - Downloading maximebf/debugbar (v1.18.1)
php-smoke (8.1)	Composer install (from lock)	2025-10-20T13:09:12.7890758Z   - Downloading symfony/polyfill-ctype (v1.33.0)
php-smoke (8.1)	Composer install (from lock)	2025-10-20T13:09:12.7894444Z   - Downloading vlucas/phpdotenv (v2.6.9)
php-smoke (8.1)	Composer install (from lock)	2025-10-20T13:09:12.7897432Z   - Downloading symfony/polyfill-php80 (v1.33.0)
php-smoke (8.1)	Composer install (from lock)	2025-10-20T13:09:12.7900534Z   - Downloading symfony/css-selector (v5.4.45)
php-smoke (8.1)	Composer install (from lock)	2025-10-20T13:09:12.7904695Z   - Downloading tijsverkoyen/css-to-inline-styles (v2.3.0)
php-smoke (8.1)	Composer install (from lock)	2025-10-20T13:09:12.7906473Z   - Downloading symfony/routing (v3.4.47)
php-smoke (8.1)	Composer install (from lock)	2025-10-20T13:09:12.7908222Z   - Downloading symfony/process (v3.4.47)
php-smoke (8.1)	Composer install (from lock)	2025-10-20T13:09:12.7911389Z   - Downloading symfony/http-foundation (v3.4.47)
php-smoke (8.1)	Composer install (from lock)	2025-10-20T13:09:12.7913524Z   - Downloading symfony/event-dispatcher-contracts (v1.10.0)
php-smoke (8.1)	Composer install (from lock)	2025-10-20T13:09:12.7914948Z   - Downloading symfony/event-dispatcher (v4.4.44)
php-smoke (8.1)	Composer install (from lock)	2025-10-20T13:09:12.7916952Z   - Downloading symfony/http-kernel (v3.4.49)
php-smoke (8.1)	Composer install (from lock)	2025-10-20T13:09:12.7918362Z   - Downloading symfony/console (v3.4.47)
php-smoke (8.1)	Composer install (from lock)	2025-10-20T13:09:12.7920443Z   - Downloading symfony/polyfill-intl-normalizer (v1.33.0)
php-smoke (8.1)	Composer install (from lock)	2025-10-20T13:09:12.7922358Z   - Downloading symfony/polyfill-intl-idn (v1.33.0)
php-smoke (8.1)	Composer install (from lock)	2025-10-20T13:09:12.7925044Z   - Downloading doctrine/deprecations (1.1.4)
php-smoke (8.1)	Composer install (from lock)	2025-10-20T13:09:12.7926960Z   - Downloading doctrine/lexer (2.1.1)
php-smoke (8.1)	Composer install (from lock)	2025-10-20T13:09:12.7929371Z   - Downloading egulias/email-validator (3.2.6)
php-smoke (8.1)	Composer install (from lock)	2025-10-20T13:09:12.7932207Z   - Downloading swiftmailer/swiftmailer (v6.3.0)
php-smoke (8.1)	Composer install (from lock)	2025-10-20T13:09:12.7934649Z   - Downloading paragonie/random_compat (v9.99.100)
php-smoke (8.1)	Composer install (from lock)	2025-10-20T13:09:12.7936873Z   - Downloading ramsey/uuid (3.9.7)
php-smoke (8.1)	Composer install (from lock)	2025-10-20T13:09:12.7938615Z   - Downloading psr/simple-cache (1.0.1)
php-smoke (8.1)	Composer install (from lock)	2025-10-20T13:09:12.7940318Z   - Downloading psr/container (1.1.2)
php-smoke (8.1)	Composer install (from lock)	2025-10-20T13:09:12.7942303Z   - Downloading symfony/translation-contracts (v1.10.0)
php-smoke (8.1)	Composer install (from lock)	2025-10-20T13:09:12.7944283Z   - Downloading symfony/translation (v4.3.11)
php-smoke (8.1)	Composer install (from lock)	2025-10-20T13:09:12.7946707Z   - Downloading nesbot/carbon (1.39.1)
php-smoke (8.1)	Composer install (from lock)	2025-10-20T13:09:12.7949297Z   - Downloading mtdowling/cron-expression (v1.2.3)
php-smoke (8.1)	Composer install (from lock)	2025-10-20T13:09:12.7952090Z   - Downloading monolog/monolog (1.27.1)
php-smoke (8.1)	Composer install (from lock)	2025-10-20T13:09:12.7954723Z   - Downloading league/mime-type-detection (1.16.0)
php-smoke (8.1)	Composer install (from lock)	2025-10-20T13:09:12.7956270Z   - Downloading league/flysystem (1.1.10)
php-smoke (8.1)	Composer install (from lock)	2025-10-20T13:09:12.7958641Z   - Downloading erusev/parsedown (1.7.4)
php-smoke (8.1)	Composer install (from lock)	2025-10-20T13:09:12.7960508Z   - Downloading doctrine/inflector (1.4.4)
php-smoke (8.1)	Composer install (from lock)	2025-10-20T13:09:12.7961609Z   - Downloading laravel/framework (v5.5.50)
php-smoke (8.1)	Composer install (from lock)	2025-10-20T13:09:12.7964500Z   - Downloading barryvdh/laravel-debugbar (v3.4.2)
php-smoke (8.1)	Composer install (from lock)	2025-10-20T13:09:12.7966107Z   - Downloading composer/semver (1.7.2)
php-smoke (8.1)	Composer install (from lock)	2025-10-20T13:09:12.7971439Z   - Downloading balping/json-raw-encoder (v1.0.2)
php-smoke (8.1)	Composer install (from lock)	2025-10-20T13:09:12.7974211Z   - Downloading consoletvs/charts (6.8.0)
php-smoke (8.1)	Composer install (from lock)	2025-10-20T13:09:12.7976266Z   - Downloading symfony/deprecation-contracts (v2.5.4)
php-smoke (8.1)	Composer install (from lock)	2025-10-20T13:09:12.7978610Z   - Downloading fakerphp/faker (v1.24.1)
php-smoke (8.1)	Composer install (from lock)	2025-10-20T13:09:12.7980941Z   - Downloading filp/whoops (2.18.4)
php-smoke (8.1)	Composer install (from lock)	2025-10-20T13:09:12.7983414Z   - Downloading nikic/php-parser (v4.19.4)
php-smoke (8.1)	Composer install (from lock)	2025-10-20T13:09:12.7985758Z   - Downloading php-parallel-lint/php-console-color (v0.3)
php-smoke (8.1)	Composer install (from lock)	2025-10-20T13:09:12.7987575Z   - Downloading php-parallel-lint/php-console-highlighter (v0.5)
php-smoke (8.1)	Composer install (from lock)	2025-10-20T13:09:12.7989688Z   - Downloading dnoegel/php-xdg-base-dir (v0.1.1)
php-smoke (8.1)	Composer install (from lock)	2025-10-20T13:09:12.7992128Z   - Downloading psy/psysh (v0.9.12)
php-smoke (8.1)	Composer install (from lock)	2025-10-20T13:09:12.7994146Z   - Downloading laravel/tinker (v1.0.10)
php-smoke (8.1)	Composer install (from lock)	2025-10-20T13:09:12.7996758Z   - Downloading milon/barcode (5.3.6)
php-smoke (8.1)	Composer install (from lock)	2025-10-20T13:09:12.7999540Z   - Downloading hamcrest/hamcrest-php (v1.2.2)
php-smoke (8.1)	Composer install (from lock)	2025-10-20T13:09:12.8002738Z   - Downloading mockery/mockery (0.9.11)
php-smoke (8.1)	Composer install (from lock)	2025-10-20T13:09:12.8005729Z   - Downloading myclabs/php-enum (1.8.5)
php-smoke (8.1)	Composer install (from lock)	2025-10-20T13:09:12.8009837Z   - Downloading nwidart/laravel-modules (3.3.1)
php-smoke (8.1)	Composer install (from lock)	2025-10-20T13:09:12.8012266Z   - Downloading webmozart/assert (1.11.0)
php-smoke (8.1)	Composer install (from lock)	2025-10-20T13:09:12.8015026Z   - Downloading phpstan/phpdoc-parser (2.3.0)
php-smoke (8.1)	Composer install (from lock)	2025-10-20T13:09:12.8017687Z   - Downloading phpdocumentor/reflection-common (2.2.0)
php-smoke (8.1)	Composer install (from lock)	2025-10-20T13:09:12.8019630Z   - Downloading phpdocumentor/type-resolver (1.10.0)
php-smoke (8.1)	Composer install (from lock)	2025-10-20T13:09:12.8021554Z   - Downloading phpdocumentor/reflection-docblock (5.6.3)
php-smoke (8.1)	Composer install (from lock)	2025-10-20T13:09:12.8023460Z   - Downloading psr/http-message (1.1)
php-smoke (8.1)	Composer install (from lock)	2025-10-20T13:09:12.8025222Z   - Downloading psr/http-factory (1.1.0)
php-smoke (8.1)	Composer install (from lock)	2025-10-20T13:09:12.8027018Z   - Downloading psr/http-client (1.0.3)
php-smoke (8.1)	Composer install (from lock)	2025-10-20T13:09:12.8029352Z   - Downloading markbaker/matrix (3.0.1)
php-smoke (8.1)	Composer install (from lock)	2025-10-20T13:09:12.8031226Z   - Downloading markbaker/complex (3.0.2)
php-smoke (8.1)	Composer install (from lock)	2025-10-20T13:09:12.8034184Z   - Downloading maennchen/zipstream-php (2.2.6)
php-smoke (8.1)	Composer install (from lock)	2025-10-20T13:09:12.8036530Z   - Downloading ezyang/htmlpurifier (v4.18.0)
php-smoke (8.1)	Composer install (from lock)	2025-10-20T13:09:12.8038301Z   - Downloading composer/pcre (3.3.2)
php-smoke (8.1)	Composer install (from lock)	2025-10-20T13:09:12.8040981Z   - Downloading phpoffice/phpspreadsheet (1.30.0)
php-smoke (8.1)	Composer install (from lock)	2025-10-20T13:09:12.8043789Z   - Downloading phpunit/php-token-stream (2.0.2)
php-smoke (8.1)	Composer install (from lock)	2025-10-20T13:09:12.8046191Z   - Downloading sebastian/version (2.0.1)
php-smoke (8.1)	Composer install (from lock)	2025-10-20T13:09:12.8048065Z   - Downloading sebastian/resource-operations (1.0.0)
php-smoke (8.1)	Composer install (from lock)	2025-10-20T13:09:12.8049969Z   - Downloading sebastian/recursion-context (3.0.3)
php-smoke (8.1)	Composer install (from lock)	2025-10-20T13:09:12.8052042Z   - Downloading sebastian/object-reflector (1.1.3)
php-smoke (8.1)	Composer install (from lock)	2025-10-20T13:09:12.8053896Z   - Downloading sebastian/object-enumerator (3.0.5)
php-smoke (8.1)	Composer install (from lock)	2025-10-20T13:09:12.8055637Z   - Downloading sebastian/global-state (2.0.0)
php-smoke (8.1)	Composer install (from lock)	2025-10-20T13:09:12.8057427Z   - Downloading sebastian/exporter (3.1.8)
php-smoke (8.1)	Composer install (from lock)	2025-10-20T13:09:12.8059278Z   - Downloading sebastian/environment (3.1.0)
php-smoke (8.1)	Composer install (from lock)	2025-10-20T13:09:12.8061222Z   - Downloading sebastian/diff (2.0.1)
php-smoke (8.1)	Composer install (from lock)	2025-10-20T13:09:12.8063396Z   - Downloading sebastian/comparator (2.1.3)
php-smoke (8.1)	Composer install (from lock)	2025-10-20T13:09:12.8065150Z   - Downloading phpunit/php-text-template (1.2.1)
php-smoke (8.1)	Composer install (from lock)	2025-10-20T13:09:12.8066867Z   - Downloading doctrine/instantiator (1.5.0)
php-smoke (8.1)	Composer install (from lock)	2025-10-20T13:09:12.8068674Z   - Downloading phpunit/phpunit-mock-objects (5.0.10)
php-smoke (8.1)	Composer install (from lock)	2025-10-20T13:09:12.8070550Z   - Downloading phpunit/php-timer (1.0.9)
php-smoke (8.1)	Composer install (from lock)	2025-10-20T13:09:12.8072920Z   - Downloading phpunit/php-file-iterator (1.4.5)
php-smoke (8.1)	Composer install (from lock)	2025-10-20T13:09:12.8075405Z   - Downloading theseer/tokenizer (1.2.3)
php-smoke (8.1)	Composer install (from lock)	2025-10-20T13:09:12.8077402Z   - Downloading sebastian/code-unit-reverse-lookup (1.0.3)
php-smoke (8.1)	Composer install (from lock)	2025-10-20T13:09:12.8079376Z   - Downloading phpunit/php-code-coverage (5.3.2)
php-smoke (8.1)	Composer install (from lock)	2025-10-20T13:09:12.8082111Z   - Downloading phpspec/prophecy (v1.10.3)
php-smoke (8.1)	Composer install (from lock)	2025-10-20T13:09:12.8084738Z   - Downloading phar-io/version (1.0.1)
php-smoke (8.1)	Composer install (from lock)	2025-10-20T13:09:12.8086523Z   - Downloading phar-io/manifest (1.0.1)
php-smoke (8.1)	Composer install (from lock)	2025-10-20T13:09:12.8088422Z   - Downloading myclabs/deep-copy (1.13.4)
php-smoke (8.1)	Composer install (from lock)	2025-10-20T13:09:12.8090362Z   - Downloading phpunit/phpunit (6.5.14)
php-smoke (8.1)	Composer install (from lock)	2025-10-20T13:09:12.8093190Z   - Downloading spatie/laravel-permission (2.38.0)
php-smoke (8.1)	Composer install (from lock)	2025-10-20T13:09:12.8095675Z   - Downloading yajra/laravel-datatables-oracle (v8.13.7)
php-smoke (8.1)	Composer install (from lock)	2025-10-20T13:09:12.8098130Z   - Downloading laravelcollective/html (v5.5.4)
php-smoke (8.1)	Composer install (from lock)	2025-10-20T13:09:12.8100082Z   - Downloading yajra/laravel-datatables-html (v4.30.0)
php-smoke (8.1)	Composer install (from lock)	2025-10-20T13:09:12.8102954Z   - Downloading maatwebsite/excel (3.1.25)
php-smoke (8.1)	Composer install (from lock)	2025-10-20T13:09:12.8104801Z   - Downloading yajra/laravel-datatables-buttons (v4.13.3)
php-smoke (8.1)	Composer install (from lock)	2025-10-20T13:09:16.5511141Z   - Installing kylekatarnls/update-helper (1.2.1): Extracting archive
php-smoke (8.1)	Composer install (from lock)	2025-10-20T13:09:16.5875288Z   - Installing symfony/finder (v3.4.47): Extracting archive
php-smoke (8.1)	Composer install (from lock)	2025-10-20T13:09:16.5905341Z   - Installing psr/log (1.1.4): Extracting archive
php-smoke (8.1)	Composer install (from lock)	2025-10-20T13:09:16.5940243Z   - Installing symfony/debug (v3.4.47): Extracting archive
php-smoke (8.1)	Composer install (from lock)	2025-10-20T13:09:16.5983295Z   - Installing symfony/polyfill-iconv (v1.33.0): Extracting archive
php-smoke (8.1)	Composer install (from lock)	2025-10-20T13:09:16.6021443Z   - Installing symfony/polyfill-mbstring (v1.33.0): Extracting archive
php-smoke (8.1)	Composer install (from lock)	2025-10-20T13:09:16.6122654Z   - Installing symfony/var-dumper (v3.4.47): Extracting archive
php-smoke (8.1)	Composer install (from lock)	2025-10-20T13:09:16.6325848Z   - Installing maximebf/debugbar (v1.18.1): Extracting archive
php-smoke (8.1)	Composer install (from lock)	2025-10-20T13:09:16.6326620Z   - Installing symfony/polyfill-ctype (v1.33.0): Extracting archive
php-smoke (8.1)	Composer install (from lock)	2025-10-20T13:09:16.6327276Z   - Installing vlucas/phpdotenv (v2.6.9): Extracting archive
php-smoke (8.1)	Composer install (from lock)	2025-10-20T13:09:16.6354858Z   - Installing symfony/polyfill-php80 (v1.33.0): Extracting archive
php-smoke (8.1)	Composer install (from lock)	2025-10-20T13:09:16.6395971Z   - Installing symfony/css-selector (v5.4.45): Extracting archive
php-smoke (8.1)	Composer install (from lock)	2025-10-20T13:09:16.6399995Z   - Installing tijsverkoyen/css-to-inline-styles (v2.3.0): Extracting archive
php-smoke (8.1)	Composer install (from lock)	2025-10-20T13:09:16.6403530Z   - Installing symfony/routing (v3.4.47): Extracting archive
php-smoke (8.1)	Composer install (from lock)	2025-10-20T13:09:16.6407272Z   - Installing symfony/process (v3.4.47): Extracting archive
php-smoke (8.1)	Composer install (from lock)	2025-10-20T13:09:16.6410734Z   - Installing symfony/polyfill-php56 (v1.20.0)
php-smoke (8.1)	Composer install (from lock)	2025-10-20T13:09:16.6418806Z   - Installing symfony/polyfill-php70 (v1.20.0)
php-smoke (8.1)	Composer install (from lock)	2025-10-20T13:09:16.6425039Z   - Installing symfony/http-foundation (v3.4.47): Extracting archive
php-smoke (8.1)	Composer install (from lock)	2025-10-20T13:09:16.6428520Z   - Installing symfony/event-dispatcher-contracts (v1.10.0): Extracting archive
php-smoke (8.1)	Composer install (from lock)	2025-10-20T13:09:16.6432195Z   - Installing symfony/event-dispatcher (v4.4.44): Extracting archive
php-smoke (8.1)	Composer install (from lock)	2025-10-20T13:09:16.6435849Z   - Installing symfony/http-kernel (v3.4.49): Extracting archive
php-smoke (8.1)	Composer install (from lock)	2025-10-20T13:09:16.6439052Z   - Installing symfony/console (v3.4.47): Extracting archive
php-smoke (8.1)	Composer install (from lock)	2025-10-20T13:09:16.6442480Z   - Installing symfony/polyfill-intl-normalizer (v1.33.0): Extracting archive
php-smoke (8.1)	Composer install (from lock)	2025-10-20T13:09:16.6445378Z   - Installing symfony/polyfill-intl-idn (v1.33.0): Extracting archive
php-smoke (8.1)	Composer install (from lock)	2025-10-20T13:09:16.6448343Z   - Installing doctrine/deprecations (1.1.4): Extracting archive
php-smoke (8.1)	Composer install (from lock)	2025-10-20T13:09:16.6451614Z   - Installing doctrine/lexer (2.1.1): Extracting archive
php-smoke (8.1)	Composer install (from lock)	2025-10-20T13:09:16.6455537Z   - Installing egulias/email-validator (3.2.6): Extracting archive
php-smoke (8.1)	Composer install (from lock)	2025-10-20T13:09:16.6458331Z   - Installing swiftmailer/swiftmailer (v6.3.0): Extracting archive
php-smoke (8.1)	Composer install (from lock)	2025-10-20T13:09:16.6461476Z   - Installing paragonie/random_compat (v9.99.100): Extracting archive
php-smoke (8.1)	Composer install (from lock)	2025-10-20T13:09:16.6465089Z   - Installing ramsey/uuid (3.9.7): Extracting archive
php-smoke (8.1)	Composer install (from lock)	2025-10-20T13:09:16.6468255Z   - Installing psr/simple-cache (1.0.1): Extracting archive
php-smoke (8.1)	Composer install (from lock)	2025-10-20T13:09:16.6471196Z   - Installing psr/container (1.1.2): Extracting archive
php-smoke (8.1)	Composer install (from lock)	2025-10-20T13:09:16.6474627Z   - Installing symfony/translation-contracts (v1.10.0): Extracting archive
php-smoke (8.1)	Composer install (from lock)	2025-10-20T13:09:16.6477751Z   - Installing symfony/translation (v4.3.11): Extracting archive
php-smoke (8.1)	Composer install (from lock)	2025-10-20T13:09:16.6481230Z   - Installing nesbot/carbon (1.39.1): Extracting archive
php-smoke (8.1)	Composer install (from lock)	2025-10-20T13:09:16.6485115Z   - Installing mtdowling/cron-expression (v1.2.3): Extracting archive
php-smoke (8.1)	Composer install (from lock)	2025-10-20T13:09:16.6488332Z   - Installing monolog/monolog (1.27.1): Extracting archive
php-smoke (8.1)	Composer install (from lock)	2025-10-20T13:09:16.6491667Z   - Installing league/mime-type-detection (1.16.0): Extracting archive
php-smoke (8.1)	Composer install (from lock)	2025-10-20T13:09:16.6494959Z   - Installing league/flysystem (1.1.10): Extracting archive
php-smoke (8.1)	Composer install (from lock)	2025-10-20T13:09:16.6497909Z   - Installing erusev/parsedown (1.7.4): Extracting archive
php-smoke (8.1)	Composer install (from lock)	2025-10-20T13:09:16.6500955Z   - Installing doctrine/inflector (1.4.4): Extracting archive
php-smoke (8.1)	Composer install (from lock)	2025-10-20T13:09:16.6504076Z   - Installing laravel/framework (v5.5.50): Extracting archive
php-smoke (8.1)	Composer install (from lock)	2025-10-20T13:09:16.6576540Z   - Installing barryvdh/laravel-debugbar (v3.4.2): Extracting archive
php-smoke (8.1)	Composer install (from lock)	2025-10-20T13:09:16.6579671Z   - Installing composer/semver (1.7.2): Extracting archive
php-smoke (8.1)	Composer install (from lock)	2025-10-20T13:09:16.6582805Z   - Installing balping/json-raw-encoder (v1.0.2): Extracting archive
php-smoke (8.1)	Composer install (from lock)	2025-10-20T13:09:16.6585855Z   - Installing consoletvs/charts (6.8.0): Extracting archive
php-smoke (8.1)	Composer install (from lock)	2025-10-20T13:09:16.6588744Z   - Installing symfony/deprecation-contracts (v2.5.4): Extracting archive
php-smoke (8.1)	Composer install (from lock)	2025-10-20T13:09:16.6591540Z   - Installing fakerphp/faker (v1.24.1): Extracting archive
php-smoke (8.1)	Composer install (from lock)	2025-10-20T13:09:16.6594653Z   - Installing filp/whoops (2.18.4): Extracting archive
php-smoke (8.1)	Composer install (from lock)	2025-10-20T13:09:16.6597295Z   - Installing nikic/php-parser (v4.19.4): Extracting archive
php-smoke (8.1)	Composer install (from lock)	2025-10-20T13:09:16.6600285Z   - Installing php-parallel-lint/php-console-color (v0.3): Extracting archive
php-smoke (8.1)	Composer install (from lock)	2025-10-20T13:09:16.6603340Z   - Installing php-parallel-lint/php-console-highlighter (v0.5): Extracting archive
php-smoke (8.1)	Composer install (from lock)	2025-10-20T13:09:16.6605977Z   - Installing dnoegel/php-xdg-base-dir (v0.1.1): Extracting archive
php-smoke (8.1)	Composer install (from lock)	2025-10-20T13:09:16.6608745Z   - Installing psy/psysh (v0.9.12): Extracting archive
php-smoke (8.1)	Composer install (from lock)	2025-10-20T13:09:16.6611494Z   - Installing laravel/tinker (v1.0.10): Extracting archive
php-smoke (8.1)	Composer install (from lock)	2025-10-20T13:09:16.6614112Z   - Installing milon/barcode (5.3.6): Extracting archive
php-smoke (8.1)	Composer install (from lock)	2025-10-20T13:09:16.6616619Z   - Installing hamcrest/hamcrest-php (v1.2.2): Extracting archive
php-smoke (8.1)	Composer install (from lock)	2025-10-20T13:09:16.6619327Z   - Installing mockery/mockery (0.9.11): Extracting archive
php-smoke (8.1)	Composer install (from lock)	2025-10-20T13:09:16.6622112Z   - Installing myclabs/php-enum (1.8.5): Extracting archive
php-smoke (8.1)	Composer install (from lock)	2025-10-20T13:09:16.6624871Z   - Installing nwidart/laravel-modules (3.3.1): Extracting archive
php-smoke (8.1)	Composer install (from lock)	2025-10-20T13:09:16.6627644Z   - Installing webmozart/assert (1.11.0): Extracting archive
php-smoke (8.1)	Composer install (from lock)	2025-10-20T13:09:16.6630463Z   - Installing phpstan/phpdoc-parser (2.3.0): Extracting archive
php-smoke (8.1)	Composer install (from lock)	2025-10-20T13:09:16.6633864Z   - Installing phpdocumentor/reflection-common (2.2.0): Extracting archive
php-smoke (8.1)	Composer install (from lock)	2025-10-20T13:09:16.6636904Z   - Installing phpdocumentor/type-resolver (1.10.0): Extracting archive
php-smoke (8.1)	Composer install (from lock)	2025-10-20T13:09:16.6639548Z   - Installing phpdocumentor/reflection-docblock (5.6.3): Extracting archive
php-smoke (8.1)	Composer install (from lock)	2025-10-20T13:09:16.6642284Z   - Installing psr/http-message (1.1): Extracting archive
php-smoke (8.1)	Composer install (from lock)	2025-10-20T13:09:16.6645413Z   - Installing psr/http-factory (1.1.0): Extracting archive
php-smoke (8.1)	Composer install (from lock)	2025-10-20T13:09:16.6647896Z   - Installing psr/http-client (1.0.3): Extracting archive
php-smoke (8.1)	Composer install (from lock)	2025-10-20T13:09:16.6650568Z   - Installing markbaker/matrix (3.0.1): Extracting archive
php-smoke (8.1)	Composer install (from lock)	2025-10-20T13:09:16.6653805Z   - Installing markbaker/complex (3.0.2): Extracting archive
php-smoke (8.1)	Composer install (from lock)	2025-10-20T13:09:16.6656273Z   - Installing maennchen/zipstream-php (2.2.6): Extracting archive
php-smoke (8.1)	Composer install (from lock)	2025-10-20T13:09:16.6658769Z   - Installing ezyang/htmlpurifier (v4.18.0): Extracting archive
php-smoke (8.1)	Composer install (from lock)	2025-10-20T13:09:16.6661365Z   - Installing composer/pcre (3.3.2): Extracting archive
php-smoke (8.1)	Composer install (from lock)	2025-10-20T13:09:16.6664286Z   - Installing phpoffice/phpspreadsheet (1.30.0): Extracting archive
php-smoke (8.1)	Composer install (from lock)	2025-10-20T13:09:16.6666822Z   - Installing phpunit/php-token-stream (2.0.2): Extracting archive
php-smoke (8.1)	Composer install (from lock)	2025-10-20T13:09:16.6669451Z   - Installing sebastian/version (2.0.1): Extracting archive
php-smoke (8.1)	Composer install (from lock)	2025-10-20T13:09:16.6672333Z   - Installing sebastian/resource-operations (1.0.0): Extracting archive
php-smoke (8.1)	Composer install (from lock)	2025-10-20T13:09:16.6674795Z   - Installing sebastian/recursion-context (3.0.3): Extracting archive
php-smoke (8.1)	Composer install (from lock)	2025-10-20T13:09:16.6677304Z   - Installing sebastian/object-reflector (1.1.3): Extracting archive
php-smoke (8.1)	Composer install (from lock)	2025-10-20T13:09:16.6679823Z   - Installing sebastian/object-enumerator (3.0.5): Extracting archive
php-smoke (8.1)	Composer install (from lock)	2025-10-20T13:09:16.6682426Z   - Installing sebastian/global-state (2.0.0): Extracting archive
php-smoke (8.1)	Composer install (from lock)	2025-10-20T13:09:16.6685310Z   - Installing sebastian/exporter (3.1.8): Extracting archive
php-smoke (8.1)	Composer install (from lock)	2025-10-20T13:09:16.6687956Z   - Installing sebastian/environment (3.1.0): Extracting archive
php-smoke (8.1)	Composer install (from lock)	2025-10-20T13:09:16.6690548Z   - Installing sebastian/diff (2.0.1): Extracting archive
php-smoke (8.1)	Composer install (from lock)	2025-10-20T13:09:16.6693507Z   - Installing sebastian/comparator (2.1.3): Extracting archive
php-smoke (8.1)	Composer install (from lock)	2025-10-20T13:09:16.6696278Z   - Installing phpunit/php-text-template (1.2.1): Extracting archive
php-smoke (8.1)	Composer install (from lock)	2025-10-20T13:09:16.6698847Z   - Installing doctrine/instantiator (1.5.0): Extracting archive
php-smoke (8.1)	Composer install (from lock)	2025-10-20T13:09:16.6701744Z   - Installing phpunit/phpunit-mock-objects (5.0.10): Extracting archive
php-smoke (8.1)	Composer install (from lock)	2025-10-20T13:09:16.6704482Z   - Installing phpunit/php-timer (1.0.9): Extracting archive
php-smoke (8.1)	Composer install (from lock)	2025-10-20T13:09:16.6707200Z   - Installing phpunit/php-file-iterator (1.4.5): Extracting archive
php-smoke (8.1)	Composer install (from lock)	2025-10-20T13:09:16.6709886Z   - Installing theseer/tokenizer (1.2.3): Extracting archive
php-smoke (8.1)	Composer install (from lock)	2025-10-20T13:09:16.6712911Z   - Installing sebastian/code-unit-reverse-lookup (1.0.3): Extracting archive
php-smoke (8.1)	Composer install (from lock)	2025-10-20T13:09:16.6715519Z   - Installing phpunit/php-code-coverage (5.3.2): Extracting archive
php-smoke (8.1)	Composer install (from lock)	2025-10-20T13:09:16.6718133Z   - Installing phpspec/prophecy (v1.10.3): Extracting archive
php-smoke (8.1)	Composer install (from lock)	2025-10-20T13:09:16.6720746Z   - Installing phar-io/version (1.0.1): Extracting archive
php-smoke (8.1)	Composer install (from lock)	2025-10-20T13:09:16.6723655Z   - Installing phar-io/manifest (1.0.1): Extracting archive
php-smoke (8.1)	Composer install (from lock)	2025-10-20T13:09:16.6726142Z   - Installing myclabs/deep-copy (1.13.4): Extracting archive
php-smoke (8.1)	Composer install (from lock)	2025-10-20T13:09:16.6728862Z   - Installing phpunit/phpunit (6.5.14): Extracting archive
php-smoke (8.1)	Composer install (from lock)	2025-10-20T13:09:16.6731692Z   - Installing spatie/laravel-permission (2.38.0): Extracting archive
php-smoke (8.1)	Composer install (from lock)	2025-10-20T13:09:16.6734538Z   - Installing yajra/laravel-datatables-oracle (v8.13.7): Extracting archive
php-smoke (8.1)	Composer install (from lock)	2025-10-20T13:09:16.6737223Z   - Installing laravelcollective/html (v5.5.4): Extracting archive
php-smoke (8.1)	Composer install (from lock)	2025-10-20T13:09:16.6739975Z   - Installing yajra/laravel-datatables-html (v4.30.0): Extracting archive
php-smoke (8.1)	Composer install (from lock)	2025-10-20T13:09:16.6742599Z   - Installing maatwebsite/excel (3.1.25): Extracting archive
php-smoke (8.1)	Composer install (from lock)	2025-10-20T13:09:16.6745461Z   - Installing yajra/laravel-datatables-buttons (v4.13.3): Extracting archive
php-smoke (8.1)	Composer install (from lock)	2025-10-20T13:09:18.1165745Z Package laravelcollective/html is abandoned, you should avoid using it. Use spatie/laravel-html instead.
php-smoke (8.1)	Composer install (from lock)	2025-10-20T13:09:18.1167972Z Package mtdowling/cron-expression is abandoned, you should avoid using it. Use dragonmantank/cron-expression instead.
php-smoke (8.1)	Composer install (from lock)	2025-10-20T13:09:18.1170360Z Package swiftmailer/swiftmailer is abandoned, you should avoid using it. Use symfony/mailer instead.
php-smoke (8.1)	Composer install (from lock)	2025-10-20T13:09:18.1172815Z Package symfony/debug is abandoned, you should avoid using it. Use symfony/error-handler instead.
php-smoke (8.1)	Composer install (from lock)	2025-10-20T13:09:18.1174966Z Package maximebf/debugbar is abandoned, you should avoid using it. Use php-debugbar/php-debugbar instead.
php-smoke (8.1)	Composer install (from lock)	2025-10-20T13:09:18.1176801Z Package phpunit/php-token-stream is abandoned, you should avoid using it. No replacement was suggested.
php-smoke (8.1)	Composer install (from lock)	2025-10-20T13:09:18.1178027Z Package phpunit/phpunit-mock-objects is abandoned, you should avoid using it. No replacement was suggested.
php-smoke (8.1)	Composer install (from lock)	2025-10-20T13:09:18.1178904Z Generating optimized autoload files
php-smoke (8.1)	Composer install (from lock)	2025-10-20T13:09:19.3141722Z Carbon 1 is deprecated, see how to migrate to Carbon 2.
php-smoke (8.1)	Composer install (from lock)	2025-10-20T13:09:19.3142667Z https://carbon.nesbot.com/docs/#api-carbon-2
php-smoke (8.1)	Composer install (from lock)	2025-10-20T13:09:19.3143431Z     You can run './vendor/bin/upgrade-carbon' to get help in updating carbon and other frameworks and libraries that depend on it.
php-smoke (8.1)	Composer install (from lock)	2025-10-20T13:09:19.3152764Z 50 packages you are using are looking for funding.
php-smoke (8.1)	Composer install (from lock)	2025-10-20T13:09:19.3153649Z Use the `composer fund` command to find out more!
php-smoke (8.1)	Prepare minimal runtime	﻿2025-10-20T13:09:19.3596676Z ##[group]Run mkdir -p bootstrap/cache
php-smoke (8.1)	Prepare minimal runtime	2025-10-20T13:09:19.3597208Z [36;1mmkdir -p bootstrap/cache[0m
php-smoke (8.1)	Prepare minimal runtime	2025-10-20T13:09:19.3597500Z [36;1mtouch bootstrap/cache/packages.php[0m
php-smoke (8.1)	Prepare minimal runtime	2025-10-20T13:09:19.3597808Z [36;1mtouch bootstrap/cache/services.php[0m
php-smoke (8.1)	Prepare minimal runtime	2025-10-20T13:09:19.3598157Z [36;1mmkdir -p storage/framework/{cache,sessions,views}[0m
php-smoke (8.1)	Prepare minimal runtime	2025-10-20T13:09:19.3598507Z [36;1mchmod -R 0777 bootstrap storage || true[0m
php-smoke (8.1)	Prepare minimal runtime	2025-10-20T13:09:19.3598850Z [36;1mif [ ! -f .env ]; then cp .env.example .env || true; fi[0m
php-smoke (8.1)	Prepare minimal runtime	2025-10-20T13:09:19.3628658Z shell: /usr/bin/bash -e {0}
php-smoke (8.1)	Prepare minimal runtime	2025-10-20T13:09:19.3628890Z env:
php-smoke (8.1)	Prepare minimal runtime	2025-10-20T13:09:19.3629080Z   COMPOSER_PROCESS_TIMEOUT: 0
php-smoke (8.1)	Prepare minimal runtime	2025-10-20T13:09:19.3629319Z   COMPOSER_NO_INTERACTION: 1
php-smoke (8.1)	Prepare minimal runtime	2025-10-20T13:09:19.3629544Z   COMPOSER_NO_AUDIT: 1
php-smoke (8.1)	Prepare minimal runtime	2025-10-20T13:09:19.3629747Z ##[endgroup]
php-smoke (8.1)	Prepare minimal runtime	2025-10-20T13:09:19.3752583Z cp: cannot stat '.env.example': No such file or directory
php-smoke (8.1)	Run artisan checks	﻿2025-10-20T13:09:19.3778891Z ##[group]Run php artisan --version > artisan-version.txt || true
php-smoke (8.1)	Run artisan checks	2025-10-20T13:09:19.3779361Z [36;1mphp artisan --version > artisan-version.txt || true[0m
php-smoke (8.1)	Run artisan checks	2025-10-20T13:09:19.3779768Z [36;1mphp artisan route:list --no-ansi > route-list.txt || true[0m
php-smoke (8.1)	Run artisan checks	2025-10-20T13:09:19.3807980Z shell: /usr/bin/bash -e {0}
php-smoke (8.1)	Run artisan checks	2025-10-20T13:09:19.3808201Z env:
php-smoke (8.1)	Run artisan checks	2025-10-20T13:09:19.3808385Z   COMPOSER_PROCESS_TIMEOUT: 0
php-smoke (8.1)	Run artisan checks	2025-10-20T13:09:19.3808617Z   COMPOSER_NO_INTERACTION: 1
php-smoke (8.1)	Run artisan checks	2025-10-20T13:09:19.3808834Z   COMPOSER_NO_AUDIT: 1
php-smoke (8.1)	Run artisan checks	2025-10-20T13:09:19.3809021Z ##[endgroup]
php-smoke (8.1)	Run artisan checks	2025-10-20T13:09:19.4394177Z PHP Fatal error:  During inheritance of ArrayAccess: Uncaught ErrorException: Return type of Illuminate\Support\Collection::offsetExists($key) should either be compatible with ArrayAccess::offsetExists(mixed $offset): bool, or the #[\ReturnTypeWillChange] attribute should be used to temporarily suppress the notice in /home/runner/work/POS_HHP/POS_HHP/vendor/laravel/framework/src/Illuminate/Support/Collection.php:1693
php-smoke (8.1)	Run artisan checks	2025-10-20T13:09:19.4396463Z Stack trace:
php-smoke (8.1)	Run artisan checks	2025-10-20T13:09:19.4397403Z #0 /home/runner/work/POS_HHP/POS_HHP/vendor/laravel/framework/src/Illuminate/Support/Collection.php(19): Illuminate\Foundation\Bootstrap\HandleExceptions->handleError()
php-smoke (8.1)	Run artisan checks	2025-10-20T13:09:19.4398646Z #1 /home/runner/work/POS_HHP/POS_HHP/vendor/composer/ClassLoader.php(576): include('...')
php-smoke (8.1)	Run artisan checks	2025-10-20T13:09:19.4399513Z #2 /home/runner/work/POS_HHP/POS_HHP/vendor/composer/ClassLoader.php(427): Composer\Autoload\{closure}()
php-smoke (8.1)	Run artisan checks	2025-10-20T13:09:19.4400702Z #3 /home/runner/work/POS_HHP/POS_HHP/vendor/laravel/framework/src/Illuminate/Support/helpers.php(423): Composer\Autoload\ClassLoader->loadClass()
php-smoke (8.1)	Run artisan checks	2025-10-20T13:09:19.4402111Z #4 /home/runner/work/POS_HHP/POS_HHP/vendor/laravel/framework/src/Illuminate/Foundation/PackageManifest.php(80): collect()
php-smoke (8.1)	Run artisan checks	2025-10-20T13:09:19.4403164Z #5 /home/runner/work/POS_HHP/POS_HHP/vendor/laravel/framework/src/Illuminate/Foundation/Bootstrap/RegisterFacades.php(26): Illuminate\Foundation\PackageManifest->aliases()
php-smoke (8.1)	Run artisan checks	2025-10-20T13:09:19.4404425Z #6 /home/runner/work/POS_HHP/POS_HHP/vendor/laravel/framework/src/Illuminate/Foundation/Application.php(213): Illuminate\Foundation\Bootstrap\RegisterFacades->bootstrap()
php-smoke (8.1)	Run artisan checks	2025-10-20T13:09:19.4405618Z #7 /home/runner/work/POS_HHP/POS_HHP/vendor/laravel/framework/src/Illuminate/Foundation/Console/Kernel.php(296): Illuminate\Foundation\Application->bootstrapWith()
php-smoke (8.1)	Run artisan checks	2025-10-20T13:09:19.4406765Z #8 /home/runner/work/POS_HHP/POS_HHP/vendor/laravel/framework/src/Illuminate/Foundation/Console/Kernel.php(119): Illuminate\Foundation\Console\Kernel->bootstrap()
php-smoke (8.1)	Run artisan checks	2025-10-20T13:09:19.4407633Z #9 /home/runner/work/POS_HHP/POS_HHP/artisan(35): Illuminate\Foundation\Console\Kernel->handle()
php-smoke (8.1)	Run artisan checks	2025-10-20T13:09:19.4408320Z #10 {main} in /home/runner/work/POS_HHP/POS_HHP/vendor/laravel/framework/src/Illuminate/Support/Collection.php on line 19
php-smoke (8.1)	Run artisan checks	2025-10-20T13:09:19.4409405Z PHP Fatal error:  Uncaught ErrorException: Function must be enabled in php.ini by setting 'xdebug.mode' to 'develop' in /home/runner/work/POS_HHP/POS_HHP/vendor/symfony/debug/Exception/FatalErrorException.php:35
php-smoke (8.1)	Run artisan checks	2025-10-20T13:09:19.4410185Z Stack trace:
php-smoke (8.1)	Run artisan checks	2025-10-20T13:09:19.4410520Z #0 [internal function]: Illuminate\Foundation\Bootstrap\HandleExceptions->handleError()
php-smoke (8.1)	Run artisan checks	2025-10-20T13:09:19.4411515Z #1 /home/runner/work/POS_HHP/POS_HHP/vendor/symfony/debug/Exception/FatalErrorException.php(35): xdebug_get_function_stack()
php-smoke (8.1)	Run artisan checks	2025-10-20T13:09:19.4412854Z #2 /home/runner/work/POS_HHP/POS_HHP/vendor/laravel/framework/src/Illuminate/Foundation/Bootstrap/HandleExceptions.php(137): Symfony\Component\Debug\Exception\FatalErrorException->__construct()
php-smoke (8.1)	Run artisan checks	2025-10-20T13:09:19.4414226Z #3 /home/runner/work/POS_HHP/POS_HHP/vendor/laravel/framework/src/Illuminate/Foundation/Bootstrap/HandleExceptions.php(123): Illuminate\Foundation\Bootstrap\HandleExceptions->fatalExceptionFromError()
php-smoke (8.1)	Run artisan checks	2025-10-20T13:09:19.4415192Z #4 [internal function]: Illuminate\Foundation\Bootstrap\HandleExceptions->handleShutdown()
php-smoke (8.1)	Run artisan checks	2025-10-20T13:09:19.4415560Z #5 {main}
php-smoke (8.1)	Run artisan checks	2025-10-20T13:09:19.4415971Z   thrown in /home/runner/work/POS_HHP/POS_HHP/vendor/symfony/debug/Exception/FatalErrorException.php on line 35
php-smoke (8.1)	Run artisan checks	2025-10-20T13:09:19.5005600Z PHP Fatal error:  During inheritance of ArrayAccess: Uncaught ErrorException: Return type of Illuminate\Support\Collection::offsetExists($key) should either be compatible with ArrayAccess::offsetExists(mixed $offset): bool, or the #[\ReturnTypeWillChange] attribute should be used to temporarily suppress the notice in /home/runner/work/POS_HHP/POS_HHP/vendor/laravel/framework/src/Illuminate/Support/Collection.php:1693
php-smoke (8.1)	Run artisan checks	2025-10-20T13:09:19.5007932Z Stack trace:
php-smoke (8.1)	Run artisan checks	2025-10-20T13:09:19.5008892Z #0 /home/runner/work/POS_HHP/POS_HHP/vendor/laravel/framework/src/Illuminate/Support/Collection.php(19): Illuminate\Foundation\Bootstrap\HandleExceptions->handleError()
php-smoke (8.1)	Run artisan checks	2025-10-20T13:09:19.5010193Z #1 /home/runner/work/POS_HHP/POS_HHP/vendor/composer/ClassLoader.php(576): include('...')
php-smoke (8.1)	Run artisan checks	2025-10-20T13:09:19.5011101Z #2 /home/runner/work/POS_HHP/POS_HHP/vendor/composer/ClassLoader.php(427): Composer\Autoload\{closure}()
php-smoke (8.1)	Run artisan checks	2025-10-20T13:09:19.5012740Z #3 /home/runner/work/POS_HHP/POS_HHP/vendor/laravel/framework/src/Illuminate/Support/helpers.php(423): Composer\Autoload\ClassLoader->loadClass()
php-smoke (8.1)	Run artisan checks	2025-10-20T13:09:19.5014117Z #4 /home/runner/work/POS_HHP/POS_HHP/vendor/laravel/framework/src/Illuminate/Foundation/PackageManifest.php(80): collect()
php-smoke (8.1)	Run artisan checks	2025-10-20T13:09:19.5015588Z #5 /home/runner/work/POS_HHP/POS_HHP/vendor/laravel/framework/src/Illuminate/Foundation/Bootstrap/RegisterFacades.php(26): Illuminate\Foundation\PackageManifest->aliases()
php-smoke (8.1)	Run artisan checks	2025-10-20T13:09:19.5017315Z #6 /home/runner/work/POS_HHP/POS_HHP/vendor/laravel/framework/src/Illuminate/Foundation/Application.php(213): Illuminate\Foundation\Bootstrap\RegisterFacades->bootstrap()
php-smoke (8.1)	Run artisan checks	2025-10-20T13:09:19.5018991Z #7 /home/runner/work/POS_HHP/POS_HHP/vendor/laravel/framework/src/Illuminate/Foundation/Console/Kernel.php(296): Illuminate\Foundation\Application->bootstrapWith()
php-smoke (8.1)	Run artisan checks	2025-10-20T13:09:19.5020600Z #8 /home/runner/work/POS_HHP/POS_HHP/vendor/laravel/framework/src/Illuminate/Foundation/Console/Kernel.php(119): Illuminate\Foundation\Console\Kernel->bootstrap()
php-smoke (8.1)	Run artisan checks	2025-10-20T13:09:19.5021807Z #9 /home/runner/work/POS_HHP/POS_HHP/artisan(35): Illuminate\Foundation\Console\Kernel->handle()
php-smoke (8.1)	Run artisan checks	2025-10-20T13:09:19.5023055Z #10 {main} in /home/runner/work/POS_HHP/POS_HHP/vendor/laravel/framework/src/Illuminate/Support/Collection.php on line 19
php-smoke (8.1)	Run artisan checks	2025-10-20T13:09:19.5024337Z PHP Fatal error:  Uncaught ErrorException: Function must be enabled in php.ini by setting 'xdebug.mode' to 'develop' in /home/runner/work/POS_HHP/POS_HHP/vendor/symfony/debug/Exception/FatalErrorException.php:35
php-smoke (8.1)	Run artisan checks	2025-10-20T13:09:19.5025110Z Stack trace:
php-smoke (8.1)	Run artisan checks	2025-10-20T13:09:19.5025446Z #0 [internal function]: Illuminate\Foundation\Bootstrap\HandleExceptions->handleError()
php-smoke (8.1)	Run artisan checks	2025-10-20T13:09:19.5026144Z #1 /home/runner/work/POS_HHP/POS_HHP/vendor/symfony/debug/Exception/FatalErrorException.php(35): xdebug_get_function_stack()
php-smoke (8.1)	Run artisan checks	2025-10-20T13:09:19.5027278Z #2 /home/runner/work/POS_HHP/POS_HHP/vendor/laravel/framework/src/Illuminate/Foundation/Bootstrap/HandleExceptions.php(137): Symfony\Component\Debug\Exception\FatalErrorException->__construct()
php-smoke (8.1)	Run artisan checks	2025-10-20T13:09:19.5029004Z #3 /home/runner/work/POS_HHP/POS_HHP/vendor/laravel/framework/src/Illuminate/Foundation/Bootstrap/HandleExceptions.php(123): Illuminate\Foundation\Bootstrap\HandleExceptions->fatalExceptionFromError()
php-smoke (8.1)	Run artisan checks	2025-10-20T13:09:19.5030024Z #4 [internal function]: Illuminate\Foundation\Bootstrap\HandleExceptions->handleShutdown()
php-smoke (8.1)	Run artisan checks	2025-10-20T13:09:19.5030419Z #5 {main}
php-smoke (8.1)	Run artisan checks	2025-10-20T13:09:19.5030832Z   thrown in /home/runner/work/POS_HHP/POS_HHP/vendor/symfony/debug/Exception/FatalErrorException.php on line 35
php-smoke (8.1)	Artifact diagnostics (ensure non-empty)	﻿2025-10-20T13:09:19.5103762Z ##[group]Run # Ensure artifact files exist and contain something before upload
php-smoke (8.1)	Artifact diagnostics (ensure non-empty)	2025-10-20T13:09:19.5104352Z [36;1m# Ensure artifact files exist and contain something before upload[0m
php-smoke (8.1)	Artifact diagnostics (ensure non-empty)	2025-10-20T13:09:19.5104870Z [36;1mtouch artisan-version.txt route-list.txt outdated-direct.json outdated-all.json[0m
php-smoke (8.1)	Artifact diagnostics (ensure non-empty)	2025-10-20T13:09:19.5105313Z [36;1mif [ ! -s artisan-version.txt ]; then[0m
php-smoke (8.1)	Artifact diagnostics (ensure non-empty)	2025-10-20T13:09:19.5105807Z [36;1m  php artisan --version > artisan-version.txt || echo "ERROR: artisan --version failed" > artisan-version.txt[0m
php-smoke (8.1)	Artifact diagnostics (ensure non-empty)	2025-10-20T13:09:19.5106288Z [36;1mfi[0m
php-smoke (8.1)	Artifact diagnostics (ensure non-empty)	2025-10-20T13:09:19.5106481Z [36;1mif [ ! -s route-list.txt ]; then[0m
php-smoke (8.1)	Artifact diagnostics (ensure non-empty)	2025-10-20T13:09:19.5106922Z [36;1m  php artisan route:list --no-ansi > route-list.txt || echo "ERROR: route:list failed" > route-list.txt[0m
php-smoke (8.1)	Artifact diagnostics (ensure non-empty)	2025-10-20T13:09:19.5107354Z [36;1mfi[0m
php-smoke (8.1)	Artifact diagnostics (ensure non-empty)	2025-10-20T13:09:19.5107551Z [36;1mif [ ! -s outdated-direct.json ]; then[0m
php-smoke (8.1)	Artifact diagnostics (ensure non-empty)	2025-10-20T13:09:19.5108036Z [36;1m  composer outdated --direct --format=json > outdated-direct.json || echo '{}' > outdated-direct.json[0m
php-smoke (8.1)	Artifact diagnostics (ensure non-empty)	2025-10-20T13:09:19.5108516Z [36;1mfi[0m
php-smoke (8.1)	Artifact diagnostics (ensure non-empty)	2025-10-20T13:09:19.5108710Z [36;1mif [ ! -s outdated-all.json ]; then[0m
php-smoke (8.1)	Artifact diagnostics (ensure non-empty)	2025-10-20T13:09:19.5109145Z [36;1m  composer outdated --all --format=json > outdated-all.json || echo '{}' > outdated-all.json[0m
php-smoke (8.1)	Artifact diagnostics (ensure non-empty)	2025-10-20T13:09:19.5109569Z [36;1mfi[0m
php-smoke (8.1)	Artifact diagnostics (ensure non-empty)	2025-10-20T13:09:19.5109921Z [36;1mfor f in artisan-version.txt route-list.txt outdated-direct.json outdated-all.json; do[0m
php-smoke (8.1)	Artifact diagnostics (ensure non-empty)	2025-10-20T13:09:19.5110351Z [36;1m  if [ ! -s "$f" ]; then[0m
php-smoke (8.1)	Artifact diagnostics (ensure non-empty)	2025-10-20T13:09:19.5110602Z [36;1m    echo "EMPTY_ARTIFACT: $f" > "$f"[0m
php-smoke (8.1)	Artifact diagnostics (ensure non-empty)	2025-10-20T13:09:19.5110847Z [36;1m  fi[0m
php-smoke (8.1)	Artifact diagnostics (ensure non-empty)	2025-10-20T13:09:19.5111013Z [36;1mdone[0m
php-smoke (8.1)	Artifact diagnostics (ensure non-empty)	2025-10-20T13:09:19.5140791Z shell: /usr/bin/bash -e {0}
php-smoke (8.1)	Artifact diagnostics (ensure non-empty)	2025-10-20T13:09:19.5141010Z env:
php-smoke (8.1)	Artifact diagnostics (ensure non-empty)	2025-10-20T13:09:19.5141183Z   COMPOSER_PROCESS_TIMEOUT: 0
php-smoke (8.1)	Artifact diagnostics (ensure non-empty)	2025-10-20T13:09:19.5141410Z   COMPOSER_NO_INTERACTION: 1
php-smoke (8.1)	Artifact diagnostics (ensure non-empty)	2025-10-20T13:09:19.5141621Z   COMPOSER_NO_AUDIT: 1
php-smoke (8.1)	Artifact diagnostics (ensure non-empty)	2025-10-20T13:09:19.5141798Z ##[endgroup]
php-smoke (8.1)	Artifact diagnostics (ensure non-empty)	2025-10-20T13:09:19.5731520Z PHP Fatal error:  During inheritance of ArrayAccess: Uncaught ErrorException: Return type of Illuminate\Support\Collection::offsetExists($key) should either be compatible with ArrayAccess::offsetExists(mixed $offset): bool, or the #[\ReturnTypeWillChange] attribute should be used to temporarily suppress the notice in /home/runner/work/POS_HHP/POS_HHP/vendor/laravel/framework/src/Illuminate/Support/Collection.php:1693
php-smoke (8.1)	Artifact diagnostics (ensure non-empty)	2025-10-20T13:09:19.5734461Z Stack trace:
php-smoke (8.1)	Artifact diagnostics (ensure non-empty)	2025-10-20T13:09:19.5735602Z #0 /home/runner/work/POS_HHP/POS_HHP/vendor/laravel/framework/src/Illuminate/Support/Collection.php(19): Illuminate\Foundation\Bootstrap\HandleExceptions->handleError()
php-smoke (8.1)	Artifact diagnostics (ensure non-empty)	2025-10-20T13:09:19.5737129Z #1 /home/runner/work/POS_HHP/POS_HHP/vendor/composer/ClassLoader.php(576): include('...')
php-smoke (8.1)	Artifact diagnostics (ensure non-empty)	2025-10-20T13:09:19.5738230Z #2 /home/runner/work/POS_HHP/POS_HHP/vendor/composer/ClassLoader.php(427): Composer\Autoload\{closure}()
php-smoke (8.1)	Artifact diagnostics (ensure non-empty)	2025-10-20T13:09:19.5739744Z #3 /home/runner/work/POS_HHP/POS_HHP/vendor/laravel/framework/src/Illuminate/Support/helpers.php(423): Composer\Autoload\ClassLoader->loadClass()
php-smoke (8.1)	Artifact diagnostics (ensure non-empty)	2025-10-20T13:09:19.5741443Z #4 /home/runner/work/POS_HHP/POS_HHP/vendor/laravel/framework/src/Illuminate/Foundation/PackageManifest.php(80): collect()
php-smoke (8.1)	Artifact diagnostics (ensure non-empty)	2025-10-20T13:09:19.5743467Z #5 /home/runner/work/POS_HHP/POS_HHP/vendor/laravel/framework/src/Illuminate/Foundation/Bootstrap/RegisterFacades.php(26): Illuminate\Foundation\PackageManifest->aliases()
php-smoke (8.1)	Artifact diagnostics (ensure non-empty)	2025-10-20T13:09:19.5745620Z #6 /home/runner/work/POS_HHP/POS_HHP/vendor/laravel/framework/src/Illuminate/Foundation/Application.php(213): Illuminate\Foundation\Bootstrap\RegisterFacades->bootstrap()
php-smoke (8.1)	Artifact diagnostics (ensure non-empty)	2025-10-20T13:09:19.5748073Z #7 /home/runner/work/POS_HHP/POS_HHP/vendor/laravel/framework/src/Illuminate/Foundation/Console/Kernel.php(296): Illuminate\Foundation\Application->bootstrapWith()
php-smoke (8.1)	Artifact diagnostics (ensure non-empty)	2025-10-20T13:09:19.5750076Z #8 /home/runner/work/POS_HHP/POS_HHP/vendor/laravel/framework/src/Illuminate/Foundation/Console/Kernel.php(119): Illuminate\Foundation\Console\Kernel->bootstrap()
php-smoke (8.1)	Artifact diagnostics (ensure non-empty)	2025-10-20T13:09:19.5751898Z #9 /home/runner/work/POS_HHP/POS_HHP/artisan(35): Illuminate\Foundation\Console\Kernel->handle()
php-smoke (8.1)	Artifact diagnostics (ensure non-empty)	2025-10-20T13:09:19.5753340Z #10 {main} in /home/runner/work/POS_HHP/POS_HHP/vendor/laravel/framework/src/Illuminate/Support/Collection.php on line 19
php-smoke (8.1)	Artifact diagnostics (ensure non-empty)	2025-10-20T13:09:19.5755189Z PHP Fatal error:  Uncaught ErrorException: Function must be enabled in php.ini by setting 'xdebug.mode' to 'develop' in /home/runner/work/POS_HHP/POS_HHP/vendor/symfony/debug/Exception/FatalErrorException.php:35
php-smoke (8.1)	Artifact diagnostics (ensure non-empty)	2025-10-20T13:09:19.5756561Z Stack trace:
php-smoke (8.1)	Artifact diagnostics (ensure non-empty)	2025-10-20T13:09:19.5757178Z #0 [internal function]: Illuminate\Foundation\Bootstrap\HandleExceptions->handleError()
php-smoke (8.1)	Artifact diagnostics (ensure non-empty)	2025-10-20T13:09:19.5758392Z #1 /home/runner/work/POS_HHP/POS_HHP/vendor/symfony/debug/Exception/FatalErrorException.php(35): xdebug_get_function_stack()
php-smoke (8.1)	Artifact diagnostics (ensure non-empty)	2025-10-20T13:09:19.5760418Z #2 /home/runner/work/POS_HHP/POS_HHP/vendor/laravel/framework/src/Illuminate/Foundation/Bootstrap/HandleExceptions.php(137): Symfony\Component\Debug\Exception\FatalErrorException->__construct()
php-smoke (8.1)	Artifact diagnostics (ensure non-empty)	2025-10-20T13:09:19.5763078Z #3 /home/runner/work/POS_HHP/POS_HHP/vendor/laravel/framework/src/Illuminate/Foundation/Bootstrap/HandleExceptions.php(123): Illuminate\Foundation\Bootstrap\HandleExceptions->fatalExceptionFromError()
php-smoke (8.1)	Artifact diagnostics (ensure non-empty)	2025-10-20T13:09:19.5764875Z #4 [internal function]: Illuminate\Foundation\Bootstrap\HandleExceptions->handleShutdown()
php-smoke (8.1)	Artifact diagnostics (ensure non-empty)	2025-10-20T13:09:19.5765574Z #5 {main}
php-smoke (8.1)	Artifact diagnostics (ensure non-empty)	2025-10-20T13:09:19.5766338Z   thrown in /home/runner/work/POS_HHP/POS_HHP/vendor/symfony/debug/Exception/FatalErrorException.php on line 35
php-smoke (8.1)	Artifact diagnostics (ensure non-empty)	2025-10-20T13:09:19.6375866Z PHP Fatal error:  During inheritance of ArrayAccess: Uncaught ErrorException: Return type of Illuminate\Support\Collection::offsetExists($key) should either be compatible with ArrayAccess::offsetExists(mixed $offset): bool, or the #[\ReturnTypeWillChange] attribute should be used to temporarily suppress the notice in /home/runner/work/POS_HHP/POS_HHP/vendor/laravel/framework/src/Illuminate/Support/Collection.php:1693
php-smoke (8.1)	Artifact diagnostics (ensure non-empty)	2025-10-20T13:09:19.6378544Z Stack trace:
php-smoke (8.1)	Artifact diagnostics (ensure non-empty)	2025-10-20T13:09:19.6379529Z #0 /home/runner/work/POS_HHP/POS_HHP/vendor/laravel/framework/src/Illuminate/Support/Collection.php(19): Illuminate\Foundation\Bootstrap\HandleExceptions->handleError()
php-smoke (8.1)	Artifact diagnostics (ensure non-empty)	2025-10-20T13:09:19.6380637Z #1 /home/runner/work/POS_HHP/POS_HHP/vendor/composer/ClassLoader.php(576): include('...')
php-smoke (8.1)	Artifact diagnostics (ensure non-empty)	2025-10-20T13:09:19.6381400Z #2 /home/runner/work/POS_HHP/POS_HHP/vendor/composer/ClassLoader.php(427): Composer\Autoload\{closure}()
php-smoke (8.1)	Artifact diagnostics (ensure non-empty)	2025-10-20T13:09:19.6382754Z #3 /home/runner/work/POS_HHP/POS_HHP/vendor/laravel/framework/src/Illuminate/Support/helpers.php(423): Composer\Autoload\ClassLoader->loadClass()
php-smoke (8.1)	Artifact diagnostics (ensure non-empty)	2025-10-20T13:09:19.6383939Z #4 /home/runner/work/POS_HHP/POS_HHP/vendor/laravel/framework/src/Illuminate/Foundation/PackageManifest.php(80): collect()
php-smoke (8.1)	Artifact diagnostics (ensure non-empty)	2025-10-20T13:09:19.6385263Z #5 /home/runner/work/POS_HHP/POS_HHP/vendor/laravel/framework/src/Illuminate/Foundation/Bootstrap/RegisterFacades.php(26): Illuminate\Foundation\PackageManifest->aliases()
php-smoke (8.1)	Artifact diagnostics (ensure non-empty)	2025-10-20T13:09:19.6386680Z #6 /home/runner/work/POS_HHP/POS_HHP/vendor/laravel/framework/src/Illuminate/Foundation/Application.php(213): Illuminate\Foundation\Bootstrap\RegisterFacades->bootstrap()
php-smoke (8.1)	Artifact diagnostics (ensure non-empty)	2025-10-20T13:09:19.6387809Z #7 /home/runner/work/POS_HHP/POS_HHP/vendor/laravel/framework/src/Illuminate/Foundation/Console/Kernel.php(296): Illuminate\Foundation\Application->bootstrapWith()
php-smoke (8.1)	Artifact diagnostics (ensure non-empty)	2025-10-20T13:09:19.6388889Z #8 /home/runner/work/POS_HHP/POS_HHP/vendor/laravel/framework/src/Illuminate/Foundation/Console/Kernel.php(119): Illuminate\Foundation\Console\Kernel->bootstrap()
php-smoke (8.1)	Artifact diagnostics (ensure non-empty)	2025-10-20T13:09:19.6390069Z #9 /home/runner/work/POS_HHP/POS_HHP/artisan(35): Illuminate\Foundation\Console\Kernel->handle()
php-smoke (8.1)	Artifact diagnostics (ensure non-empty)	2025-10-20T13:09:19.6390722Z #10 {main} in /home/runner/work/POS_HHP/POS_HHP/vendor/laravel/framework/src/Illuminate/Support/Collection.php on line 19
php-smoke (8.1)	Artifact diagnostics (ensure non-empty)	2025-10-20T13:09:19.6391738Z PHP Fatal error:  Uncaught ErrorException: Function must be enabled in php.ini by setting 'xdebug.mode' to 'develop' in /home/runner/work/POS_HHP/POS_HHP/vendor/symfony/debug/Exception/FatalErrorException.php:35
php-smoke (8.1)	Artifact diagnostics (ensure non-empty)	2025-10-20T13:09:19.6392869Z Stack trace:
php-smoke (8.1)	Artifact diagnostics (ensure non-empty)	2025-10-20T13:09:19.6393186Z #0 [internal function]: Illuminate\Foundation\Bootstrap\HandleExceptions->handleError()
php-smoke (8.1)	Artifact diagnostics (ensure non-empty)	2025-10-20T13:09:19.6393857Z #1 /home/runner/work/POS_HHP/POS_HHP/vendor/symfony/debug/Exception/FatalErrorException.php(35): xdebug_get_function_stack()
php-smoke (8.1)	Artifact diagnostics (ensure non-empty)	2025-10-20T13:09:19.6394918Z #2 /home/runner/work/POS_HHP/POS_HHP/vendor/laravel/framework/src/Illuminate/Foundation/Bootstrap/HandleExceptions.php(137): Symfony\Component\Debug\Exception\FatalErrorException->__construct()
php-smoke (8.1)	Artifact diagnostics (ensure non-empty)	2025-10-20T13:09:19.6396248Z #3 /home/runner/work/POS_HHP/POS_HHP/vendor/laravel/framework/src/Illuminate/Foundation/Bootstrap/HandleExceptions.php(123): Illuminate\Foundation\Bootstrap\HandleExceptions->fatalExceptionFromError()
php-smoke (8.1)	Artifact diagnostics (ensure non-empty)	2025-10-20T13:09:19.6397184Z #4 [internal function]: Illuminate\Foundation\Bootstrap\HandleExceptions->handleShutdown()
php-smoke (8.1)	Artifact diagnostics (ensure non-empty)	2025-10-20T13:09:19.6397553Z #5 {main}
php-smoke (8.1)	Artifact diagnostics (ensure non-empty)	2025-10-20T13:09:19.6397951Z   thrown in /home/runner/work/POS_HHP/POS_HHP/vendor/symfony/debug/Exception/FatalErrorException.php on line 35
php-smoke (8.1)	Artifact diagnostics (ensure non-empty)	2025-10-20T13:09:21.6203356Z Cannot use phpunit/phpunit-mock-objects 5.0.10 as it requires php ^7.0 which is not satisfied by your platform.
php-smoke (8.1)	Upload artifacts	﻿2025-10-20T13:09:22.5482288Z ##[group]Run actions/upload-artifact@v4
php-smoke (8.1)	Upload artifacts	2025-10-20T13:09:22.5482586Z with:
php-smoke (8.1)	Upload artifacts	2025-10-20T13:09:22.5482778Z   name: pr-smoke-php8-18653030597
php-smoke (8.1)	Upload artifacts	2025-10-20T13:09:22.5483226Z   path: artisan-version.txt
php-smoke (8.1)	Upload artifacts	route-list.txt
php-smoke (8.1)	Upload artifacts	bootstrap/cache/*.php
php-smoke (8.1)	Upload artifacts	outdated-direct.json
php-smoke (8.1)	Upload artifacts	outdated-all.json
php-smoke (8.1)	Upload artifacts	
php-smoke (8.1)	Upload artifacts	2025-10-20T13:09:22.5483706Z   if-no-files-found: warn
php-smoke (8.1)	Upload artifacts	2025-10-20T13:09:22.5483918Z   compression-level: 6
php-smoke (8.1)	Upload artifacts	2025-10-20T13:09:22.5484104Z   overwrite: false
php-smoke (8.1)	Upload artifacts	2025-10-20T13:09:22.5484291Z   include-hidden-files: false
php-smoke (8.1)	Upload artifacts	2025-10-20T13:09:22.5484488Z env:
php-smoke (8.1)	Upload artifacts	2025-10-20T13:09:22.5484651Z   COMPOSER_PROCESS_TIMEOUT: 0
php-smoke (8.1)	Upload artifacts	2025-10-20T13:09:22.5484870Z   COMPOSER_NO_INTERACTION: 1
php-smoke (8.1)	Upload artifacts	2025-10-20T13:09:22.5485072Z   COMPOSER_NO_AUDIT: 1
php-smoke (8.1)	Upload artifacts	2025-10-20T13:09:22.5485246Z ##[endgroup]
php-smoke (8.1)	Upload artifacts	2025-10-20T13:09:22.7640926Z Multiple search paths detected. Calculating the least common ancestor of all paths
php-smoke (8.1)	Upload artifacts	2025-10-20T13:09:22.7645624Z The least common ancestor is /home/runner/work/POS_HHP/POS_HHP. This will be the root directory of the artifact
php-smoke (8.1)	Upload artifacts	2025-10-20T13:09:22.7646794Z With the provided path, there will be 6 files uploaded
php-smoke (8.1)	Upload artifacts	2025-10-20T13:09:22.7650751Z Artifact name is valid!
php-smoke (8.1)	Upload artifacts	2025-10-20T13:09:22.7651860Z Root directory input is valid!
php-smoke (8.1)	Upload artifacts	2025-10-20T13:09:23.0170260Z ##[error]Failed to CreateArtifact: Received non-retryable error: Failed request: (409) Conflict: an artifact with this name already exists on the workflow run
php-smoke (8.1)	Post Run actions/checkout@v4	﻿2025-10-20T13:09:23.0292590Z Post job cleanup.
php-smoke (8.1)	Post Run actions/checkout@v4	2025-10-20T13:09:23.1225555Z [command]/usr/bin/git version
php-smoke (8.1)	Post Run actions/checkout@v4	2025-10-20T13:09:23.1263087Z git version 2.51.0
php-smoke (8.1)	Post Run actions/checkout@v4	2025-10-20T13:09:23.1305647Z Temporarily overriding HOME='/home/runner/work/_temp/94e7bd35-65c9-4cdc-8127-1c9ad6a92d66' before making global git config changes
php-smoke (8.1)	Post Run actions/checkout@v4	2025-10-20T13:09:23.1306710Z Adding repository directory to the temporary git global config as a safe directory
php-smoke (8.1)	Post Run actions/checkout@v4	2025-10-20T13:09:23.1310970Z [command]/usr/bin/git config --global --add safe.directory /home/runner/work/POS_HHP/POS_HHP
php-smoke (8.1)	Post Run actions/checkout@v4	2025-10-20T13:09:23.1351698Z [command]/usr/bin/git config --local --name-only --get-regexp core\.sshCommand
php-smoke (8.1)	Post Run actions/checkout@v4	2025-10-20T13:09:23.1384824Z [command]/usr/bin/git submodule foreach --recursive sh -c "git config --local --name-only --get-regexp 'core\.sshCommand' && git config --local --unset-all 'core.sshCommand' || :"
php-smoke (8.1)	Post Run actions/checkout@v4	2025-10-20T13:09:23.1618225Z [command]/usr/bin/git config --local --name-only --get-regexp http\.https\:\/\/github\.com\/\.extraheader
php-smoke (8.1)	Post Run actions/checkout@v4	2025-10-20T13:09:23.1640726Z http.https://github.com/.extraheader
php-smoke (8.1)	Post Run actions/checkout@v4	2025-10-20T13:09:23.1653175Z [command]/usr/bin/git config --local --unset-all http.https://github.com/.extraheader
php-smoke (8.1)	Post Run actions/checkout@v4	2025-10-20T13:09:23.1684030Z [command]/usr/bin/git submodule foreach --recursive sh -c "git config --local --name-only --get-regexp 'http\.https\:\/\/github\.com\/\.extraheader' && git config --local --unset-all 'http.https://github.com/.extraheader' || :"
php-smoke (8.1)	Complete job	﻿2025-10-20T13:09:23.2020454Z Cleaning up orphan processes
