php-smoke (8.2)	UNKNOWN STEP	﻿2025-10-17T12:36:25.2026625Z Current runner version: '2.328.0'
php-smoke (8.2)	UNKNOWN STEP	2025-10-17T12:36:25.2053205Z ##[group]Runner Image Provisioner
php-smoke (8.2)	UNKNOWN STEP	2025-10-17T12:36:25.2054023Z Hosted Compute Agent
php-smoke (8.2)	UNKNOWN STEP	2025-10-17T12:36:25.2054863Z Version: 20250912.392
php-smoke (8.2)	UNKNOWN STEP	2025-10-17T12:36:25.2055497Z Commit: d921fda672a98b64f4f82364647e2f10b2267d0b
php-smoke (8.2)	UNKNOWN STEP	2025-10-17T12:36:25.2056217Z Build Date: 2025-09-12T15:23:14Z
php-smoke (8.2)	UNKNOWN STEP	2025-10-17T12:36:25.2056778Z ##[endgroup]
php-smoke (8.2)	UNKNOWN STEP	2025-10-17T12:36:25.2057450Z ##[group]Operating System
php-smoke (8.2)	UNKNOWN STEP	2025-10-17T12:36:25.2058005Z Ubuntu
php-smoke (8.2)	UNKNOWN STEP	2025-10-17T12:36:25.2058480Z 24.04.3
php-smoke (8.2)	UNKNOWN STEP	2025-10-17T12:36:25.2059057Z LTS
php-smoke (8.2)	UNKNOWN STEP	2025-10-17T12:36:25.2059495Z ##[endgroup]
php-smoke (8.2)	UNKNOWN STEP	2025-10-17T12:36:25.2059984Z ##[group]Runner Image
php-smoke (8.2)	UNKNOWN STEP	2025-10-17T12:36:25.2060616Z Image: ubuntu-24.04
php-smoke (8.2)	UNKNOWN STEP	2025-10-17T12:36:25.2061156Z Version: 20250929.60.1
php-smoke (8.2)	UNKNOWN STEP	2025-10-17T12:36:25.2062162Z Included Software: https://github.com/actions/runner-images/blob/ubuntu24/20250929.60/images/ubuntu/Ubuntu2404-Readme.md
php-smoke (8.2)	UNKNOWN STEP	2025-10-17T12:36:25.2063835Z Image Release: https://github.com/actions/runner-images/releases/tag/ubuntu24%2F20250929.60
php-smoke (8.2)	UNKNOWN STEP	2025-10-17T12:36:25.2064947Z ##[endgroup]
php-smoke (8.2)	UNKNOWN STEP	2025-10-17T12:36:25.2066321Z ##[group]GITHUB_TOKEN Permissions
php-smoke (8.2)	UNKNOWN STEP	2025-10-17T12:36:25.2068774Z Contents: read
php-smoke (8.2)	UNKNOWN STEP	2025-10-17T12:36:25.2069449Z Metadata: read
php-smoke (8.2)	UNKNOWN STEP	2025-10-17T12:36:25.2070016Z Packages: read
php-smoke (8.2)	UNKNOWN STEP	2025-10-17T12:36:25.2070505Z ##[endgroup]
php-smoke (8.2)	UNKNOWN STEP	2025-10-17T12:36:25.2072980Z Secret source: Actions
php-smoke (8.2)	UNKNOWN STEP	2025-10-17T12:36:25.2074126Z Prepare workflow directory
php-smoke (8.2)	UNKNOWN STEP	2025-10-17T12:36:25.2428756Z Prepare all required actions
php-smoke (8.2)	UNKNOWN STEP	2025-10-17T12:36:25.2470779Z Getting action download info
php-smoke (8.2)	UNKNOWN STEP	2025-10-17T12:36:25.6728166Z Download action repository 'actions/checkout@v4' (SHA:08eba0b27e820071cde6df949e0beb9ba4906955)
php-smoke (8.2)	UNKNOWN STEP	2025-10-17T12:36:25.8479760Z Download action repository 'shivammathur/setup-php@v2' (SHA:bf6b4fbd49ca58e4608c9c89fba0b8d90bd2a39f)
php-smoke (8.2)	UNKNOWN STEP	2025-10-17T12:36:26.2096946Z Download action repository 'actions/upload-artifact@v4' (SHA:ea165f8d65b6e75b540449e92b4886f43607fa02)
php-smoke (8.2)	UNKNOWN STEP	2025-10-17T12:36:26.4152763Z Complete job name: php-smoke (8.2)
php-smoke (8.2)	UNKNOWN STEP	2025-10-17T12:36:26.4919287Z ##[group]Run actions/checkout@v4
php-smoke (8.2)	UNKNOWN STEP	2025-10-17T12:36:26.4920274Z with:
php-smoke (8.2)	UNKNOWN STEP	2025-10-17T12:36:26.4920762Z   repository: hplaatjies/POS_HHP
php-smoke (8.2)	UNKNOWN STEP	2025-10-17T12:36:26.4921595Z   token: ***
php-smoke (8.2)	UNKNOWN STEP	2025-10-17T12:36:26.4922017Z   ssh-strict: true
php-smoke (8.2)	UNKNOWN STEP	2025-10-17T12:36:26.4922456Z   ssh-user: git
php-smoke (8.2)	UNKNOWN STEP	2025-10-17T12:36:26.4922889Z   persist-credentials: true
php-smoke (8.2)	UNKNOWN STEP	2025-10-17T12:36:26.4923374Z   clean: true
php-smoke (8.2)	UNKNOWN STEP	2025-10-17T12:36:26.4923834Z   sparse-checkout-cone-mode: true
php-smoke (8.2)	UNKNOWN STEP	2025-10-17T12:36:26.4924538Z   fetch-depth: 1
php-smoke (8.2)	UNKNOWN STEP	2025-10-17T12:36:26.4924988Z   fetch-tags: false
php-smoke (8.2)	UNKNOWN STEP	2025-10-17T12:36:26.4925449Z   show-progress: true
php-smoke (8.2)	UNKNOWN STEP	2025-10-17T12:36:26.4925895Z   lfs: false
php-smoke (8.2)	UNKNOWN STEP	2025-10-17T12:36:26.4926307Z   submodules: false
php-smoke (8.2)	UNKNOWN STEP	2025-10-17T12:36:26.4926748Z   set-safe-directory: true
php-smoke (8.2)	UNKNOWN STEP	2025-10-17T12:36:26.4927510Z ##[endgroup]
php-smoke (8.2)	UNKNOWN STEP	2025-10-17T12:36:26.6065952Z Syncing repository: hplaatjies/POS_HHP
php-smoke (8.2)	UNKNOWN STEP	2025-10-17T12:36:26.6068111Z ##[group]Getting Git version info
php-smoke (8.2)	UNKNOWN STEP	2025-10-17T12:36:26.6069092Z Working directory is '/home/runner/work/POS_HHP/POS_HHP'
php-smoke (8.2)	UNKNOWN STEP	2025-10-17T12:36:26.6070314Z [command]/usr/bin/git version
php-smoke (8.2)	UNKNOWN STEP	2025-10-17T12:36:26.6141880Z git version 2.51.0
php-smoke (8.2)	UNKNOWN STEP	2025-10-17T12:36:26.6170045Z ##[endgroup]
php-smoke (8.2)	UNKNOWN STEP	2025-10-17T12:36:26.6186361Z Temporarily overriding HOME='/home/runner/work/_temp/d760adb3-ba6f-43ec-9363-4e1281c242bc' before making global git config changes
php-smoke (8.2)	UNKNOWN STEP	2025-10-17T12:36:26.6187893Z Adding repository directory to the temporary git global config as a safe directory
php-smoke (8.2)	UNKNOWN STEP	2025-10-17T12:36:26.6201101Z [command]/usr/bin/git config --global --add safe.directory /home/runner/work/POS_HHP/POS_HHP
php-smoke (8.2)	UNKNOWN STEP	2025-10-17T12:36:26.6243499Z Deleting the contents of '/home/runner/work/POS_HHP/POS_HHP'
php-smoke (8.2)	UNKNOWN STEP	2025-10-17T12:36:26.6248765Z ##[group]Initializing the repository
php-smoke (8.2)	UNKNOWN STEP	2025-10-17T12:36:26.6253851Z [command]/usr/bin/git init /home/runner/work/POS_HHP/POS_HHP
php-smoke (8.2)	UNKNOWN STEP	2025-10-17T12:36:26.6366388Z hint: Using 'master' as the name for the initial branch. This default branch name
php-smoke (8.2)	UNKNOWN STEP	2025-10-17T12:36:26.6368342Z hint: is subject to change. To configure the initial branch name to use in all
php-smoke (8.2)	UNKNOWN STEP	2025-10-17T12:36:26.6369713Z hint: of your new repositories, which will suppress this warning, call:
php-smoke (8.2)	UNKNOWN STEP	2025-10-17T12:36:26.6371501Z hint:
php-smoke (8.2)	UNKNOWN STEP	2025-10-17T12:36:26.6372562Z hint: 	git config --global init.defaultBranch <name>
php-smoke (8.2)	UNKNOWN STEP	2025-10-17T12:36:26.6374111Z hint:
php-smoke (8.2)	UNKNOWN STEP	2025-10-17T12:36:26.6375462Z hint: Names commonly chosen instead of 'master' are 'main', 'trunk' and
php-smoke (8.2)	UNKNOWN STEP	2025-10-17T12:36:26.6377180Z hint: 'development'. The just-created branch can be renamed via this command:
php-smoke (8.2)	UNKNOWN STEP	2025-10-17T12:36:26.6378549Z hint:
php-smoke (8.2)	UNKNOWN STEP	2025-10-17T12:36:26.6379252Z hint: 	git branch -m <name>
php-smoke (8.2)	UNKNOWN STEP	2025-10-17T12:36:26.6380068Z hint:
php-smoke (8.2)	UNKNOWN STEP	2025-10-17T12:36:26.6381127Z hint: Disable this message with "git config set advice.defaultBranchName false"
php-smoke (8.2)	UNKNOWN STEP	2025-10-17T12:36:26.6382980Z Initialized empty Git repository in /home/runner/work/POS_HHP/POS_HHP/.git/
php-smoke (8.2)	UNKNOWN STEP	2025-10-17T12:36:26.6386641Z [command]/usr/bin/git remote add origin https://github.com/hplaatjies/POS_HHP
php-smoke (8.2)	UNKNOWN STEP	2025-10-17T12:36:26.6462468Z ##[endgroup]
php-smoke (8.2)	UNKNOWN STEP	2025-10-17T12:36:26.6463834Z ##[group]Disabling automatic garbage collection
php-smoke (8.2)	UNKNOWN STEP	2025-10-17T12:36:26.6468412Z [command]/usr/bin/git config --local gc.auto 0
php-smoke (8.2)	UNKNOWN STEP	2025-10-17T12:36:26.6504080Z ##[endgroup]
php-smoke (8.2)	UNKNOWN STEP	2025-10-17T12:36:26.6505749Z ##[group]Setting up auth
php-smoke (8.2)	UNKNOWN STEP	2025-10-17T12:36:26.6512872Z [command]/usr/bin/git config --local --name-only --get-regexp core\.sshCommand
php-smoke (8.2)	UNKNOWN STEP	2025-10-17T12:36:26.6551345Z [command]/usr/bin/git submodule foreach --recursive sh -c "git config --local --name-only --get-regexp 'core\.sshCommand' && git config --local --unset-all 'core.sshCommand' || :"
php-smoke (8.2)	UNKNOWN STEP	2025-10-17T12:36:26.6892555Z [command]/usr/bin/git config --local --name-only --get-regexp http\.https\:\/\/github\.com\/\.extraheader
php-smoke (8.2)	UNKNOWN STEP	2025-10-17T12:36:26.6930393Z [command]/usr/bin/git submodule foreach --recursive sh -c "git config --local --name-only --get-regexp 'http\.https\:\/\/github\.com\/\.extraheader' && git config --local --unset-all 'http.https://github.com/.extraheader' || :"
php-smoke (8.2)	UNKNOWN STEP	2025-10-17T12:36:26.7172834Z [command]/usr/bin/git config --local http.https://github.com/.extraheader AUTHORIZATION: basic ***
php-smoke (8.2)	UNKNOWN STEP	2025-10-17T12:36:26.7222498Z ##[endgroup]
php-smoke (8.2)	UNKNOWN STEP	2025-10-17T12:36:26.7224766Z ##[group]Fetching the repository
php-smoke (8.2)	UNKNOWN STEP	2025-10-17T12:36:26.7234209Z [command]/usr/bin/git -c protocol.version=2 fetch --no-tags --prune --no-recurse-submodules --depth=1 origin +ea0905081755e255dd3c544506bbd34c81451d5c:refs/remotes/origin/upgrade-maatwebsite-excel
php-smoke (8.2)	UNKNOWN STEP	2025-10-17T12:36:27.4212435Z From https://github.com/hplaatjies/POS_HHP
php-smoke (8.2)	UNKNOWN STEP	2025-10-17T12:36:27.4216331Z  * [new ref]         ea0905081755e255dd3c544506bbd34c81451d5c -> origin/upgrade-maatwebsite-excel
php-smoke (8.2)	UNKNOWN STEP	2025-10-17T12:36:27.4252308Z ##[endgroup]
php-smoke (8.2)	UNKNOWN STEP	2025-10-17T12:36:27.4254148Z ##[group]Determining the checkout info
php-smoke (8.2)	UNKNOWN STEP	2025-10-17T12:36:27.4256756Z ##[endgroup]
php-smoke (8.2)	UNKNOWN STEP	2025-10-17T12:36:27.4258280Z [command]/usr/bin/git sparse-checkout disable
php-smoke (8.2)	UNKNOWN STEP	2025-10-17T12:36:27.4305262Z [command]/usr/bin/git config --local --unset-all extensions.worktreeConfig
php-smoke (8.2)	UNKNOWN STEP	2025-10-17T12:36:27.4338409Z ##[group]Checking out the ref
php-smoke (8.2)	UNKNOWN STEP	2025-10-17T12:36:27.4342114Z [command]/usr/bin/git checkout --progress --force -B upgrade-maatwebsite-excel refs/remotes/origin/upgrade-maatwebsite-excel
php-smoke (8.2)	UNKNOWN STEP	2025-10-17T12:36:27.6367518Z Switched to a new branch 'upgrade-maatwebsite-excel'
php-smoke (8.2)	UNKNOWN STEP	2025-10-17T12:36:27.6370254Z branch 'upgrade-maatwebsite-excel' set up to track 'origin/upgrade-maatwebsite-excel'.
php-smoke (8.2)	UNKNOWN STEP	2025-10-17T12:36:27.6384565Z ##[endgroup]
php-smoke (8.2)	UNKNOWN STEP	2025-10-17T12:36:27.6427254Z [command]/usr/bin/git log -1 --format=%H
php-smoke (8.2)	UNKNOWN STEP	2025-10-17T12:36:27.6454118Z ea0905081755e255dd3c544506bbd34c81451d5c
php-smoke (8.2)	UNKNOWN STEP	2025-10-17T12:36:27.6735831Z ##[group]Run shivammathur/setup-php@v2
php-smoke (8.2)	UNKNOWN STEP	2025-10-17T12:36:27.6737081Z with:
php-smoke (8.2)	UNKNOWN STEP	2025-10-17T12:36:27.6737906Z   php-version: 8.2
php-smoke (8.2)	UNKNOWN STEP	2025-10-17T12:36:27.6738814Z   tools: composer
php-smoke (8.2)	UNKNOWN STEP	2025-10-17T12:36:27.6739725Z   ini-file: production
php-smoke (8.2)	UNKNOWN STEP	2025-10-17T12:36:27.6741075Z   github-token: ***
php-smoke (8.2)	UNKNOWN STEP	2025-10-17T12:36:27.6741966Z ##[endgroup]
php-smoke (8.2)	UNKNOWN STEP	2025-10-17T12:36:27.7498544Z [command]/usr/bin/bash /home/runner/work/_actions/shivammathur/setup-php/v2/src/scripts/run.sh
php-smoke (8.2)	UNKNOWN STEP	2025-10-17T12:36:27.7775928Z 
php-smoke (8.2)	UNKNOWN STEP	2025-10-17T12:36:27.7777422Z [90;1m==> [0m[37;1mSetup PHP[0m
php-smoke (8.2)	UNKNOWN STEP	2025-10-17T12:36:32.1247341Z [32;1m✓ [0m[34;1mPHP [0m[90;1mInstalled PHP 8.2.29[0m
php-smoke (8.2)	UNKNOWN STEP	2025-10-17T12:36:32.1248075Z 
php-smoke (8.2)	UNKNOWN STEP	2025-10-17T12:36:32.1248320Z [90;1m==> [0m[37;1mSetup Tools[0m
php-smoke (8.2)	UNKNOWN STEP	2025-10-17T12:36:32.3870202Z [32;1m✓ [0m[34;1mcomposer [0m[90;1mAdded composer 2.8.12[0m
php-smoke (8.2)	UNKNOWN STEP	2025-10-17T12:36:32.3870844Z 
php-smoke (8.2)	UNKNOWN STEP	2025-10-17T12:36:32.3871184Z [90;1m==> [0m[37;1mSponsor setup-php[0m
php-smoke (8.2)	UNKNOWN STEP	2025-10-17T12:36:32.3872358Z [32;1m✓ [0m[34;1msetup-php [0m[90;1mhttps://setup-php.com/sponsor[0m
php-smoke (8.2)	UNKNOWN STEP	2025-10-17T12:36:32.4102655Z ##[group]Run composer config platform.php 8.2
php-smoke (8.2)	UNKNOWN STEP	2025-10-17T12:36:32.4103122Z [36;1mcomposer config platform.php 8.2[0m
php-smoke (8.2)	UNKNOWN STEP	2025-10-17T12:36:32.4103587Z [36;1mcomposer install --no-ansi --no-interaction --no-progress --no-scripts || true[0m
php-smoke (8.2)	UNKNOWN STEP	2025-10-17T12:36:32.4144960Z shell: /usr/bin/bash -e {0}
php-smoke (8.2)	UNKNOWN STEP	2025-10-17T12:36:32.4145287Z env:
php-smoke (8.2)	UNKNOWN STEP	2025-10-17T12:36:32.4145521Z   COMPOSER_PROCESS_TIMEOUT: 0
php-smoke (8.2)	UNKNOWN STEP	2025-10-17T12:36:32.4145823Z   COMPOSER_NO_INTERACTION: 1
php-smoke (8.2)	UNKNOWN STEP	2025-10-17T12:36:32.4146096Z   COMPOSER_NO_AUDIT: 1
php-smoke (8.2)	UNKNOWN STEP	2025-10-17T12:36:32.4146360Z ##[endgroup]
php-smoke (8.2)	UNKNOWN STEP	2025-10-17T12:36:32.8727989Z Installing dependencies from lock file (including require-dev)
php-smoke (8.2)	UNKNOWN STEP	2025-10-17T12:36:32.8775352Z Verifying lock file contents can be installed on current platform.
php-smoke (8.2)	UNKNOWN STEP	2025-10-17T12:36:32.9006915Z Warning: The lock file is not up to date with the latest changes in composer.json. You may be getting outdated dependencies. It is recommended that you run `composer update` or `composer update <package name>`.
php-smoke (8.2)	UNKNOWN STEP	2025-10-17T12:36:32.9155456Z Package operations: 104 installs, 0 updates, 0 removals
php-smoke (8.2)	UNKNOWN STEP	2025-10-17T12:36:32.9173616Z   - Downloading kylekatarnls/update-helper (1.2.1)
php-smoke (8.2)	UNKNOWN STEP	2025-10-17T12:36:32.9183686Z   - Downloading symfony/finder (v3.4.47)
php-smoke (8.2)	UNKNOWN STEP	2025-10-17T12:36:32.9187512Z   - Downloading psr/log (1.1.4)
php-smoke (8.2)	UNKNOWN STEP	2025-10-17T12:36:32.9190417Z   - Downloading symfony/debug (v3.4.47)
php-smoke (8.2)	UNKNOWN STEP	2025-10-17T12:36:32.9193204Z   - Downloading symfony/polyfill-iconv (v1.33.0)
php-smoke (8.2)	UNKNOWN STEP	2025-10-17T12:36:32.9196222Z   - Downloading symfony/polyfill-mbstring (v1.33.0)
php-smoke (8.2)	UNKNOWN STEP	2025-10-17T12:36:32.9198890Z   - Downloading symfony/var-dumper (v3.4.47)
php-smoke (8.2)	UNKNOWN STEP	2025-10-17T12:36:32.9202187Z   - Downloading maximebf/debugbar (v1.18.1)
php-smoke (8.2)	UNKNOWN STEP	2025-10-17T12:36:32.9205062Z   - Downloading symfony/polyfill-ctype (v1.33.0)
php-smoke (8.2)	UNKNOWN STEP	2025-10-17T12:36:32.9208253Z   - Downloading vlucas/phpdotenv (v2.6.9)
php-smoke (8.2)	UNKNOWN STEP	2025-10-17T12:36:32.9211045Z   - Downloading symfony/polyfill-php80 (v1.33.0)
php-smoke (8.2)	UNKNOWN STEP	2025-10-17T12:36:32.9213693Z   - Downloading symfony/css-selector (v5.4.45)
php-smoke (8.2)	UNKNOWN STEP	2025-10-17T12:36:32.9217041Z   - Downloading tijsverkoyen/css-to-inline-styles (v2.3.0)
php-smoke (8.2)	UNKNOWN STEP	2025-10-17T12:36:32.9218661Z   - Downloading symfony/routing (v3.4.47)
php-smoke (8.2)	UNKNOWN STEP	2025-10-17T12:36:32.9220399Z   - Downloading symfony/process (v3.4.47)
php-smoke (8.2)	UNKNOWN STEP	2025-10-17T12:36:32.9223792Z   - Downloading symfony/http-foundation (v3.4.47)
php-smoke (8.2)	UNKNOWN STEP	2025-10-17T12:36:32.9226338Z   - Downloading symfony/event-dispatcher-contracts (v1.10.0)
php-smoke (8.2)	UNKNOWN STEP	2025-10-17T12:36:32.9227588Z   - Downloading symfony/event-dispatcher (v4.4.44)
php-smoke (8.2)	UNKNOWN STEP	2025-10-17T12:36:32.9229412Z   - Downloading symfony/http-kernel (v3.4.49)
php-smoke (8.2)	UNKNOWN STEP	2025-10-17T12:36:32.9230799Z   - Downloading symfony/console (v3.4.47)
php-smoke (8.2)	UNKNOWN STEP	2025-10-17T12:36:32.9232378Z   - Downloading symfony/polyfill-intl-normalizer (v1.33.0)
php-smoke (8.2)	UNKNOWN STEP	2025-10-17T12:36:32.9233858Z   - Downloading symfony/polyfill-intl-idn (v1.33.0)
php-smoke (8.2)	UNKNOWN STEP	2025-10-17T12:36:32.9236267Z   - Downloading doctrine/deprecations (1.1.4)
php-smoke (8.2)	UNKNOWN STEP	2025-10-17T12:36:32.9237715Z   - Downloading doctrine/lexer (2.1.1)
php-smoke (8.2)	UNKNOWN STEP	2025-10-17T12:36:32.9239761Z   - Downloading egulias/email-validator (3.2.6)
php-smoke (8.2)	UNKNOWN STEP	2025-10-17T12:36:32.9241682Z   - Downloading swiftmailer/swiftmailer (v6.3.0)
php-smoke (8.2)	UNKNOWN STEP	2025-10-17T12:36:32.9243609Z   - Downloading paragonie/random_compat (v9.99.100)
php-smoke (8.2)	UNKNOWN STEP	2025-10-17T12:36:32.9245850Z   - Downloading ramsey/uuid (3.9.7)
php-smoke (8.2)	UNKNOWN STEP	2025-10-17T12:36:32.9247443Z   - Downloading psr/simple-cache (1.0.1)
php-smoke (8.2)	UNKNOWN STEP	2025-10-17T12:36:32.9248946Z   - Downloading psr/container (1.1.2)
php-smoke (8.2)	UNKNOWN STEP	2025-10-17T12:36:32.9250564Z   - Downloading symfony/translation-contracts (v1.10.0)
php-smoke (8.2)	UNKNOWN STEP	2025-10-17T12:36:32.9252003Z   - Downloading symfony/translation (v4.3.11)
php-smoke (8.2)	UNKNOWN STEP	2025-10-17T12:36:32.9253882Z   - Downloading nesbot/carbon (1.39.1)
php-smoke (8.2)	UNKNOWN STEP	2025-10-17T12:36:32.9256049Z   - Downloading mtdowling/cron-expression (v1.2.3)
php-smoke (8.2)	UNKNOWN STEP	2025-10-17T12:36:32.9257925Z   - Downloading monolog/monolog (1.27.1)
php-smoke (8.2)	UNKNOWN STEP	2025-10-17T12:36:32.9259820Z   - Downloading league/mime-type-detection (1.16.0)
php-smoke (8.2)	UNKNOWN STEP	2025-10-17T12:36:32.9261312Z   - Downloading league/flysystem (1.1.10)
php-smoke (8.2)	UNKNOWN STEP	2025-10-17T12:36:32.9263393Z   - Downloading erusev/parsedown (1.7.4)
php-smoke (8.2)	UNKNOWN STEP	2025-10-17T12:36:32.9265089Z   - Downloading doctrine/inflector (1.4.4)
php-smoke (8.2)	UNKNOWN STEP	2025-10-17T12:36:32.9266137Z   - Downloading laravel/framework (v5.5.50)
php-smoke (8.2)	UNKNOWN STEP	2025-10-17T12:36:32.9268604Z   - Downloading barryvdh/laravel-debugbar (v3.4.2)
php-smoke (8.2)	UNKNOWN STEP	2025-10-17T12:36:32.9269766Z   - Downloading composer/semver (1.7.2)
php-smoke (8.2)	UNKNOWN STEP	2025-10-17T12:36:32.9275236Z   - Downloading balping/json-raw-encoder (v1.0.2)
php-smoke (8.2)	UNKNOWN STEP	2025-10-17T12:36:32.9277014Z   - Downloading consoletvs/charts (6.8.0)
php-smoke (8.2)	UNKNOWN STEP	2025-10-17T12:36:32.9278576Z   - Downloading symfony/deprecation-contracts (v2.5.4)
php-smoke (8.2)	UNKNOWN STEP	2025-10-17T12:36:32.9280495Z   - Downloading fakerphp/faker (v1.24.1)
php-smoke (8.2)	UNKNOWN STEP	2025-10-17T12:36:32.9282427Z   - Downloading filp/whoops (2.18.4)
php-smoke (8.2)	UNKNOWN STEP	2025-10-17T12:36:32.9284595Z   - Downloading nikic/php-parser (v4.19.4)
php-smoke (8.2)	UNKNOWN STEP	2025-10-17T12:36:32.9287248Z   - Downloading php-parallel-lint/php-console-color (v0.3)
php-smoke (8.2)	UNKNOWN STEP	2025-10-17T12:36:32.9289015Z   - Downloading php-parallel-lint/php-console-highlighter (v0.5)
php-smoke (8.2)	UNKNOWN STEP	2025-10-17T12:36:32.9291275Z   - Downloading dnoegel/php-xdg-base-dir (v0.1.1)
php-smoke (8.2)	UNKNOWN STEP	2025-10-17T12:36:32.9293319Z   - Downloading psy/psysh (v0.9.12)
php-smoke (8.2)	UNKNOWN STEP	2025-10-17T12:36:32.9295427Z   - Downloading laravel/tinker (v1.0.10)
php-smoke (8.2)	UNKNOWN STEP	2025-10-17T12:36:32.9297699Z   - Downloading milon/barcode (5.3.6)
php-smoke (8.2)	UNKNOWN STEP	2025-10-17T12:36:32.9299977Z   - Downloading hamcrest/hamcrest-php (v1.2.2)
php-smoke (8.2)	UNKNOWN STEP	2025-10-17T12:36:32.9302163Z   - Downloading mockery/mockery (0.9.11)
php-smoke (8.2)	UNKNOWN STEP	2025-10-17T12:36:32.9304504Z   - Downloading myclabs/php-enum (1.8.5)
php-smoke (8.2)	UNKNOWN STEP	2025-10-17T12:36:32.9307166Z   - Downloading nwidart/laravel-modules (3.3.1)
php-smoke (8.2)	UNKNOWN STEP	2025-10-17T12:36:32.9309437Z   - Downloading webmozart/assert (1.11.0)
php-smoke (8.2)	UNKNOWN STEP	2025-10-17T12:36:32.9311663Z   - Downloading phpstan/phpdoc-parser (2.3.0)
php-smoke (8.2)	UNKNOWN STEP	2025-10-17T12:36:32.9313886Z   - Downloading phpdocumentor/reflection-common (2.2.0)
php-smoke (8.2)	UNKNOWN STEP	2025-10-17T12:36:32.9315523Z   - Downloading phpdocumentor/type-resolver (1.10.0)
php-smoke (8.2)	UNKNOWN STEP	2025-10-17T12:36:32.9317421Z   - Downloading phpdocumentor/reflection-docblock (5.6.3)
php-smoke (8.2)	UNKNOWN STEP	2025-10-17T12:36:32.9318883Z   - Downloading psr/http-message (1.1)
php-smoke (8.2)	UNKNOWN STEP	2025-10-17T12:36:32.9320813Z   - Downloading psr/http-factory (1.1.0)
php-smoke (8.2)	UNKNOWN STEP	2025-10-17T12:36:32.9322575Z   - Downloading psr/http-client (1.0.3)
php-smoke (8.2)	UNKNOWN STEP	2025-10-17T12:36:32.9325128Z   - Downloading markbaker/matrix (3.0.1)
php-smoke (8.2)	UNKNOWN STEP	2025-10-17T12:36:32.9326704Z   - Downloading markbaker/complex (3.0.2)
php-smoke (8.2)	UNKNOWN STEP	2025-10-17T12:36:32.9329130Z   - Downloading maennchen/zipstream-php (2.2.6)
php-smoke (8.2)	UNKNOWN STEP	2025-10-17T12:36:32.9331387Z   - Downloading ezyang/htmlpurifier (v4.18.0)
php-smoke (8.2)	UNKNOWN STEP	2025-10-17T12:36:32.9333141Z   - Downloading composer/pcre (3.3.2)
php-smoke (8.2)	UNKNOWN STEP	2025-10-17T12:36:32.9336056Z   - Downloading phpoffice/phpspreadsheet (1.30.0)
php-smoke (8.2)	UNKNOWN STEP	2025-10-17T12:36:32.9338244Z   - Downloading phpunit/php-token-stream (2.0.2)
php-smoke (8.2)	UNKNOWN STEP	2025-10-17T12:36:32.9340437Z   - Downloading sebastian/version (2.0.1)
php-smoke (8.2)	UNKNOWN STEP	2025-10-17T12:36:32.9341946Z   - Downloading sebastian/resource-operations (1.0.0)
php-smoke (8.2)	UNKNOWN STEP	2025-10-17T12:36:32.9343905Z   - Downloading sebastian/recursion-context (3.0.3)
php-smoke (8.2)	UNKNOWN STEP	2025-10-17T12:36:32.9345624Z   - Downloading sebastian/object-reflector (1.1.3)
php-smoke (8.2)	UNKNOWN STEP	2025-10-17T12:36:32.9347636Z   - Downloading sebastian/object-enumerator (3.0.5)
php-smoke (8.2)	UNKNOWN STEP	2025-10-17T12:36:32.9349055Z   - Downloading sebastian/global-state (2.0.0)
php-smoke (8.2)	UNKNOWN STEP	2025-10-17T12:36:32.9350955Z   - Downloading sebastian/exporter (3.1.8)
php-smoke (8.2)	UNKNOWN STEP	2025-10-17T12:36:32.9352489Z   - Downloading sebastian/environment (3.1.0)
php-smoke (8.2)	UNKNOWN STEP	2025-10-17T12:36:32.9355225Z   - Downloading sebastian/diff (2.0.1)
php-smoke (8.2)	UNKNOWN STEP	2025-10-17T12:36:32.9359106Z   - Downloading sebastian/comparator (2.1.3)
php-smoke (8.2)	UNKNOWN STEP	2025-10-17T12:36:32.9360582Z   - Downloading phpunit/php-text-template (1.2.1)
php-smoke (8.2)	UNKNOWN STEP	2025-10-17T12:36:32.9362434Z   - Downloading doctrine/instantiator (1.5.0)
php-smoke (8.2)	UNKNOWN STEP	2025-10-17T12:36:32.9364145Z   - Downloading phpunit/phpunit-mock-objects (5.0.10)
php-smoke (8.2)	UNKNOWN STEP	2025-10-17T12:36:32.9365764Z   - Downloading phpunit/php-timer (1.0.9)
php-smoke (8.2)	UNKNOWN STEP	2025-10-17T12:36:32.9367809Z   - Downloading phpunit/php-file-iterator (1.4.5)
php-smoke (8.2)	UNKNOWN STEP	2025-10-17T12:36:32.9370020Z   - Downloading theseer/tokenizer (1.2.3)
php-smoke (8.2)	UNKNOWN STEP	2025-10-17T12:36:32.9371938Z   - Downloading sebastian/code-unit-reverse-lookup (1.0.3)
php-smoke (8.2)	UNKNOWN STEP	2025-10-17T12:36:32.9373450Z   - Downloading phpunit/php-code-coverage (5.3.2)
php-smoke (8.2)	UNKNOWN STEP	2025-10-17T12:36:32.9376289Z   - Downloading phpspec/prophecy (v1.10.3)
php-smoke (8.2)	UNKNOWN STEP	2025-10-17T12:36:32.9378520Z   - Downloading phar-io/version (1.0.1)
php-smoke (8.2)	UNKNOWN STEP	2025-10-17T12:36:32.9380096Z   - Downloading phar-io/manifest (1.0.1)
php-smoke (8.2)	UNKNOWN STEP	2025-10-17T12:36:32.9382217Z   - Downloading myclabs/deep-copy (1.13.4)
php-smoke (8.2)	UNKNOWN STEP	2025-10-17T12:36:32.9383442Z   - Downloading phpunit/phpunit (6.5.14)
php-smoke (8.2)	UNKNOWN STEP	2025-10-17T12:36:32.9386240Z   - Downloading spatie/laravel-permission (2.38.0)
php-smoke (8.2)	UNKNOWN STEP	2025-10-17T12:36:32.9388451Z   - Downloading yajra/laravel-datatables-oracle (v8.13.7)
php-smoke (8.2)	UNKNOWN STEP	2025-10-17T12:36:32.9390700Z   - Downloading laravelcollective/html (v5.5.4)
php-smoke (8.2)	UNKNOWN STEP	2025-10-17T12:36:32.9392184Z   - Downloading yajra/laravel-datatables-html (v4.30.0)
php-smoke (8.2)	UNKNOWN STEP	2025-10-17T12:36:32.9394081Z   - Downloading maatwebsite/excel (3.1.25)
php-smoke (8.2)	UNKNOWN STEP	2025-10-17T12:36:32.9395936Z   - Downloading yajra/laravel-datatables-buttons (v4.13.3)
php-smoke (8.2)	UNKNOWN STEP	2025-10-17T12:36:35.1104593Z   - Installing kylekatarnls/update-helper (1.2.1): Extracting archive
php-smoke (8.2)	UNKNOWN STEP	2025-10-17T12:36:35.1727507Z   - Installing symfony/finder (v3.4.47): Extracting archive
php-smoke (8.2)	UNKNOWN STEP	2025-10-17T12:36:35.1756759Z   - Installing psr/log (1.1.4): Extracting archive
php-smoke (8.2)	UNKNOWN STEP	2025-10-17T12:36:35.1786040Z   - Installing symfony/debug (v3.4.47): Extracting archive
php-smoke (8.2)	UNKNOWN STEP	2025-10-17T12:36:35.1820573Z   - Installing symfony/polyfill-iconv (v1.33.0): Extracting archive
php-smoke (8.2)	UNKNOWN STEP	2025-10-17T12:36:35.1865415Z   - Installing symfony/polyfill-mbstring (v1.33.0): Extracting archive
php-smoke (8.2)	UNKNOWN STEP	2025-10-17T12:36:35.1889744Z   - Installing symfony/var-dumper (v3.4.47): Extracting archive
php-smoke (8.2)	UNKNOWN STEP	2025-10-17T12:36:35.1922905Z   - Installing maximebf/debugbar (v1.18.1): Extracting archive
php-smoke (8.2)	UNKNOWN STEP	2025-10-17T12:36:35.2015936Z   - Installing symfony/polyfill-ctype (v1.33.0): Extracting archive
php-smoke (8.2)	UNKNOWN STEP	2025-10-17T12:36:35.2034086Z   - Installing vlucas/phpdotenv (v2.6.9): Extracting archive
php-smoke (8.2)	UNKNOWN STEP	2025-10-17T12:36:35.2075940Z   - Installing symfony/polyfill-php80 (v1.33.0): Extracting archive
php-smoke (8.2)	UNKNOWN STEP	2025-10-17T12:36:35.2131940Z   - Installing symfony/css-selector (v5.4.45): Extracting archive
php-smoke (8.2)	UNKNOWN STEP	2025-10-17T12:36:35.2141826Z   - Installing tijsverkoyen/css-to-inline-styles (v2.3.0): Extracting archive
php-smoke (8.2)	UNKNOWN STEP	2025-10-17T12:36:35.2147501Z   - Installing symfony/routing (v3.4.47): Extracting archive
php-smoke (8.2)	UNKNOWN STEP	2025-10-17T12:36:35.2151655Z   - Installing symfony/process (v3.4.47): Extracting archive
php-smoke (8.2)	UNKNOWN STEP	2025-10-17T12:36:35.2242801Z   - Installing symfony/polyfill-php56 (v1.20.0)
php-smoke (8.2)	UNKNOWN STEP	2025-10-17T12:36:35.2257945Z   - Installing symfony/polyfill-php70 (v1.20.0)
php-smoke (8.2)	UNKNOWN STEP	2025-10-17T12:36:35.2258644Z   - Installing symfony/http-foundation (v3.4.47): Extracting archive
php-smoke (8.2)	UNKNOWN STEP	2025-10-17T12:36:35.2259418Z   - Installing symfony/event-dispatcher-contracts (v1.10.0): Extracting archive
php-smoke (8.2)	UNKNOWN STEP	2025-10-17T12:36:35.2260094Z   - Installing symfony/event-dispatcher (v4.4.44): Extracting archive
php-smoke (8.2)	UNKNOWN STEP	2025-10-17T12:36:35.2260694Z   - Installing symfony/http-kernel (v3.4.49): Extracting archive
php-smoke (8.2)	UNKNOWN STEP	2025-10-17T12:36:35.2263829Z   - Installing symfony/console (v3.4.47): Extracting archive
php-smoke (8.2)	UNKNOWN STEP	2025-10-17T12:36:35.2264759Z   - Installing symfony/polyfill-intl-normalizer (v1.33.0): Extracting archive
php-smoke (8.2)	UNKNOWN STEP	2025-10-17T12:36:35.2265646Z   - Installing symfony/polyfill-intl-idn (v1.33.0): Extracting archive
php-smoke (8.2)	UNKNOWN STEP	2025-10-17T12:36:35.2266353Z   - Installing doctrine/deprecations (1.1.4): Extracting archive
php-smoke (8.2)	UNKNOWN STEP	2025-10-17T12:36:35.2266883Z   - Installing doctrine/lexer (2.1.1): Extracting archive
php-smoke (8.2)	UNKNOWN STEP	2025-10-17T12:36:35.2267492Z   - Installing egulias/email-validator (3.2.6): Extracting archive
php-smoke (8.2)	UNKNOWN STEP	2025-10-17T12:36:35.2268208Z   - Installing swiftmailer/swiftmailer (v6.3.0): Extracting archive
php-smoke (8.2)	UNKNOWN STEP	2025-10-17T12:36:35.2268932Z   - Installing paragonie/random_compat (v9.99.100): Extracting archive
php-smoke (8.2)	UNKNOWN STEP	2025-10-17T12:36:35.2269604Z   - Installing ramsey/uuid (3.9.7): Extracting archive
php-smoke (8.2)	UNKNOWN STEP	2025-10-17T12:36:35.2270187Z   - Installing psr/simple-cache (1.0.1): Extracting archive
php-smoke (8.2)	UNKNOWN STEP	2025-10-17T12:36:35.2270773Z   - Installing psr/container (1.1.2): Extracting archive
php-smoke (8.2)	UNKNOWN STEP	2025-10-17T12:36:35.2271462Z   - Installing symfony/translation-contracts (v1.10.0): Extracting archive
php-smoke (8.2)	UNKNOWN STEP	2025-10-17T12:36:35.2272171Z   - Installing symfony/translation (v4.3.11): Extracting archive
php-smoke (8.2)	UNKNOWN STEP	2025-10-17T12:36:35.2273054Z   - Installing nesbot/carbon (1.39.1): Extracting archive
php-smoke (8.2)	UNKNOWN STEP	2025-10-17T12:36:35.2273676Z   - Installing mtdowling/cron-expression (v1.2.3): Extracting archive
php-smoke (8.2)	UNKNOWN STEP	2025-10-17T12:36:35.2275084Z   - Installing monolog/monolog (1.27.1): Extracting archive
php-smoke (8.2)	UNKNOWN STEP	2025-10-17T12:36:35.2275993Z   - Installing league/mime-type-detection (1.16.0): Extracting archive
php-smoke (8.2)	UNKNOWN STEP	2025-10-17T12:36:35.2276669Z   - Installing league/flysystem (1.1.10): Extracting archive
php-smoke (8.2)	UNKNOWN STEP	2025-10-17T12:36:35.2277291Z   - Installing erusev/parsedown (1.7.4): Extracting archive
php-smoke (8.2)	UNKNOWN STEP	2025-10-17T12:36:35.2277912Z   - Installing doctrine/inflector (1.4.4): Extracting archive
php-smoke (8.2)	UNKNOWN STEP	2025-10-17T12:36:35.2278557Z   - Installing laravel/framework (v5.5.50): Extracting archive
php-smoke (8.2)	UNKNOWN STEP	2025-10-17T12:36:35.2317033Z   - Installing barryvdh/laravel-debugbar (v3.4.2): Extracting archive
php-smoke (8.2)	UNKNOWN STEP	2025-10-17T12:36:35.2320049Z   - Installing composer/semver (1.7.2): Extracting archive
php-smoke (8.2)	UNKNOWN STEP	2025-10-17T12:36:35.2323159Z   - Installing balping/json-raw-encoder (v1.0.2): Extracting archive
php-smoke (8.2)	UNKNOWN STEP	2025-10-17T12:36:35.2326220Z   - Installing consoletvs/charts (6.8.0): Extracting archive
php-smoke (8.2)	UNKNOWN STEP	2025-10-17T12:36:35.2329332Z   - Installing symfony/deprecation-contracts (v2.5.4): Extracting archive
php-smoke (8.2)	UNKNOWN STEP	2025-10-17T12:36:35.2332402Z   - Installing fakerphp/faker (v1.24.1): Extracting archive
php-smoke (8.2)	UNKNOWN STEP	2025-10-17T12:36:35.2335341Z   - Installing filp/whoops (2.18.4): Extracting archive
php-smoke (8.2)	UNKNOWN STEP	2025-10-17T12:36:35.2338270Z   - Installing nikic/php-parser (v4.19.4): Extracting archive
php-smoke (8.2)	UNKNOWN STEP	2025-10-17T12:36:35.2341247Z   - Installing php-parallel-lint/php-console-color (v0.3): Extracting archive
php-smoke (8.2)	UNKNOWN STEP	2025-10-17T12:36:35.2344175Z   - Installing php-parallel-lint/php-console-highlighter (v0.5): Extracting archive
php-smoke (8.2)	UNKNOWN STEP	2025-10-17T12:36:35.2347355Z   - Installing dnoegel/php-xdg-base-dir (v0.1.1): Extracting archive
php-smoke (8.2)	UNKNOWN STEP	2025-10-17T12:36:35.2350645Z   - Installing psy/psysh (v0.9.12): Extracting archive
php-smoke (8.2)	UNKNOWN STEP	2025-10-17T12:36:35.2353695Z   - Installing laravel/tinker (v1.0.10): Extracting archive
php-smoke (8.2)	UNKNOWN STEP	2025-10-17T12:36:35.2356940Z   - Installing milon/barcode (5.3.6): Extracting archive
php-smoke (8.2)	UNKNOWN STEP	2025-10-17T12:36:35.2359823Z   - Installing hamcrest/hamcrest-php (v1.2.2): Extracting archive
php-smoke (8.2)	UNKNOWN STEP	2025-10-17T12:36:35.2362757Z   - Installing mockery/mockery (0.9.11): Extracting archive
php-smoke (8.2)	UNKNOWN STEP	2025-10-17T12:36:35.2366096Z   - Installing myclabs/php-enum (1.8.5): Extracting archive
php-smoke (8.2)	UNKNOWN STEP	2025-10-17T12:36:35.2369024Z   - Installing nwidart/laravel-modules (3.3.1): Extracting archive
php-smoke (8.2)	UNKNOWN STEP	2025-10-17T12:36:35.2371835Z   - Installing webmozart/assert (1.11.0): Extracting archive
php-smoke (8.2)	UNKNOWN STEP	2025-10-17T12:36:35.2374908Z   - Installing phpstan/phpdoc-parser (2.3.0): Extracting archive
php-smoke (8.2)	UNKNOWN STEP	2025-10-17T12:36:35.2377890Z   - Installing phpdocumentor/reflection-common (2.2.0): Extracting archive
php-smoke (8.2)	UNKNOWN STEP	2025-10-17T12:36:35.2380812Z   - Installing phpdocumentor/type-resolver (1.10.0): Extracting archive
php-smoke (8.2)	UNKNOWN STEP	2025-10-17T12:36:35.2383570Z   - Installing phpdocumentor/reflection-docblock (5.6.3): Extracting archive
php-smoke (8.2)	UNKNOWN STEP	2025-10-17T12:36:35.2386672Z   - Installing psr/http-message (1.1): Extracting archive
php-smoke (8.2)	UNKNOWN STEP	2025-10-17T12:36:35.2389421Z   - Installing psr/http-factory (1.1.0): Extracting archive
php-smoke (8.2)	UNKNOWN STEP	2025-10-17T12:36:35.2392266Z   - Installing psr/http-client (1.0.3): Extracting archive
php-smoke (8.2)	UNKNOWN STEP	2025-10-17T12:36:35.2395659Z   - Installing markbaker/matrix (3.0.1): Extracting archive
php-smoke (8.2)	UNKNOWN STEP	2025-10-17T12:36:35.2398193Z   - Installing markbaker/complex (3.0.2): Extracting archive
php-smoke (8.2)	UNKNOWN STEP	2025-10-17T12:36:35.2401119Z   - Installing maennchen/zipstream-php (2.2.6): Extracting archive
php-smoke (8.2)	UNKNOWN STEP	2025-10-17T12:36:35.2403985Z   - Installing ezyang/htmlpurifier (v4.18.0): Extracting archive
php-smoke (8.2)	UNKNOWN STEP	2025-10-17T12:36:35.2406823Z   - Installing composer/pcre (3.3.2): Extracting archive
php-smoke (8.2)	UNKNOWN STEP	2025-10-17T12:36:35.2409743Z   - Installing phpoffice/phpspreadsheet (1.30.0): Extracting archive
php-smoke (8.2)	UNKNOWN STEP	2025-10-17T12:36:35.2412785Z   - Installing phpunit/php-token-stream (2.0.2): Extracting archive
php-smoke (8.2)	UNKNOWN STEP	2025-10-17T12:36:35.2415864Z   - Installing sebastian/version (2.0.1): Extracting archive
php-smoke (8.2)	UNKNOWN STEP	2025-10-17T12:36:35.2418765Z   - Installing sebastian/resource-operations (1.0.0): Extracting archive
php-smoke (8.2)	UNKNOWN STEP	2025-10-17T12:36:35.2421508Z   - Installing sebastian/recursion-context (3.0.3): Extracting archive
php-smoke (8.2)	UNKNOWN STEP	2025-10-17T12:36:35.2424574Z   - Installing sebastian/object-reflector (1.1.3): Extracting archive
php-smoke (8.2)	UNKNOWN STEP	2025-10-17T12:36:35.2427459Z   - Installing sebastian/object-enumerator (3.0.5): Extracting archive
php-smoke (8.2)	UNKNOWN STEP	2025-10-17T12:36:35.2430399Z   - Installing sebastian/global-state (2.0.0): Extracting archive
php-smoke (8.2)	UNKNOWN STEP	2025-10-17T12:36:35.2433042Z   - Installing sebastian/exporter (3.1.8): Extracting archive
php-smoke (8.2)	UNKNOWN STEP	2025-10-17T12:36:35.2435923Z   - Installing sebastian/environment (3.1.0): Extracting archive
php-smoke (8.2)	UNKNOWN STEP	2025-10-17T12:36:35.2438694Z   - Installing sebastian/diff (2.0.1): Extracting archive
php-smoke (8.2)	UNKNOWN STEP	2025-10-17T12:36:35.2441466Z   - Installing sebastian/comparator (2.1.3): Extracting archive
php-smoke (8.2)	UNKNOWN STEP	2025-10-17T12:36:35.2444697Z   - Installing phpunit/php-text-template (1.2.1): Extracting archive
php-smoke (8.2)	UNKNOWN STEP	2025-10-17T12:36:35.2447369Z   - Installing doctrine/instantiator (1.5.0): Extracting archive
php-smoke (8.2)	UNKNOWN STEP	2025-10-17T12:36:35.2450280Z   - Installing phpunit/phpunit-mock-objects (5.0.10): Extracting archive
php-smoke (8.2)	UNKNOWN STEP	2025-10-17T12:36:35.2453034Z   - Installing phpunit/php-timer (1.0.9): Extracting archive
php-smoke (8.2)	UNKNOWN STEP	2025-10-17T12:36:35.2456200Z   - Installing phpunit/php-file-iterator (1.4.5): Extracting archive
php-smoke (8.2)	UNKNOWN STEP	2025-10-17T12:36:35.2459111Z   - Installing theseer/tokenizer (1.2.3): Extracting archive
php-smoke (8.2)	UNKNOWN STEP	2025-10-17T12:36:35.2462235Z   - Installing sebastian/code-unit-reverse-lookup (1.0.3): Extracting archive
php-smoke (8.2)	UNKNOWN STEP	2025-10-17T12:36:35.2464977Z   - Installing phpunit/php-code-coverage (5.3.2): Extracting archive
php-smoke (8.2)	UNKNOWN STEP	2025-10-17T12:36:35.2470273Z   - Installing phpspec/prophecy (v1.10.3): Extracting archive
php-smoke (8.2)	UNKNOWN STEP	2025-10-17T12:36:35.2472777Z   - Installing phar-io/version (1.0.1): Extracting archive
php-smoke (8.2)	UNKNOWN STEP	2025-10-17T12:36:35.2475498Z   - Installing phar-io/manifest (1.0.1): Extracting archive
php-smoke (8.2)	UNKNOWN STEP	2025-10-17T12:36:35.2477988Z   - Installing myclabs/deep-copy (1.13.4): Extracting archive
php-smoke (8.2)	UNKNOWN STEP	2025-10-17T12:36:35.2480439Z   - Installing phpunit/phpunit (6.5.14): Extracting archive
php-smoke (8.2)	UNKNOWN STEP	2025-10-17T12:36:35.2483028Z   - Installing spatie/laravel-permission (2.38.0): Extracting archive
php-smoke (8.2)	UNKNOWN STEP	2025-10-17T12:36:35.2485857Z   - Installing yajra/laravel-datatables-oracle (v8.13.7): Extracting archive
php-smoke (8.2)	UNKNOWN STEP	2025-10-17T12:36:35.2488343Z   - Installing laravelcollective/html (v5.5.4): Extracting archive
php-smoke (8.2)	UNKNOWN STEP	2025-10-17T12:36:35.2490969Z   - Installing yajra/laravel-datatables-html (v4.30.0): Extracting archive
php-smoke (8.2)	UNKNOWN STEP	2025-10-17T12:36:35.2493433Z   - Installing maatwebsite/excel (3.1.25): Extracting archive
php-smoke (8.2)	UNKNOWN STEP	2025-10-17T12:36:35.2496302Z   - Installing yajra/laravel-datatables-buttons (v4.13.3): Extracting archive
php-smoke (8.2)	UNKNOWN STEP	2025-10-17T12:36:36.5738255Z Package laravelcollective/html is abandoned, you should avoid using it. Use spatie/laravel-html instead.
php-smoke (8.2)	UNKNOWN STEP	2025-10-17T12:36:36.5739792Z Package mtdowling/cron-expression is abandoned, you should avoid using it. Use dragonmantank/cron-expression instead.
php-smoke (8.2)	UNKNOWN STEP	2025-10-17T12:36:36.5740818Z Package swiftmailer/swiftmailer is abandoned, you should avoid using it. Use symfony/mailer instead.
php-smoke (8.2)	UNKNOWN STEP	2025-10-17T12:36:36.5741718Z Package symfony/debug is abandoned, you should avoid using it. Use symfony/error-handler instead.
php-smoke (8.2)	UNKNOWN STEP	2025-10-17T12:36:36.5742675Z Package maximebf/debugbar is abandoned, you should avoid using it. Use php-debugbar/php-debugbar instead.
php-smoke (8.2)	UNKNOWN STEP	2025-10-17T12:36:36.5743630Z Package phpunit/php-token-stream is abandoned, you should avoid using it. No replacement was suggested.
php-smoke (8.2)	UNKNOWN STEP	2025-10-17T12:36:36.5744908Z Package phpunit/phpunit-mock-objects is abandoned, you should avoid using it. No replacement was suggested.
php-smoke (8.2)	UNKNOWN STEP	2025-10-17T12:36:36.5745601Z Generating optimized autoload files
php-smoke (8.2)	UNKNOWN STEP	2025-10-17T12:36:37.9635170Z Carbon 1 is deprecated, see how to migrate to Carbon 2.
php-smoke (8.2)	UNKNOWN STEP	2025-10-17T12:36:37.9636299Z https://carbon.nesbot.com/docs/#api-carbon-2
php-smoke (8.2)	UNKNOWN STEP	2025-10-17T12:36:37.9637103Z     You can run './vendor/bin/upgrade-carbon' to get help in updating carbon and other frameworks and libraries that depend on it.
php-smoke (8.2)	UNKNOWN STEP	2025-10-17T12:36:37.9646192Z 50 packages you are using are looking for funding.
php-smoke (8.2)	UNKNOWN STEP	2025-10-17T12:36:37.9646731Z Use the `composer fund` command to find out more!
php-smoke (8.2)	UNKNOWN STEP	2025-10-17T12:36:38.0073948Z ##[group]Run mkdir -p bootstrap/cache
php-smoke (8.2)	UNKNOWN STEP	2025-10-17T12:36:38.0074758Z [36;1mmkdir -p bootstrap/cache[0m
php-smoke (8.2)	UNKNOWN STEP	2025-10-17T12:36:38.0075043Z [36;1mtouch bootstrap/cache/packages.php[0m
php-smoke (8.2)	UNKNOWN STEP	2025-10-17T12:36:38.0075339Z [36;1mtouch bootstrap/cache/services.php[0m
php-smoke (8.2)	UNKNOWN STEP	2025-10-17T12:36:38.0075659Z [36;1mmkdir -p storage/framework/{cache,sessions,views}[0m
php-smoke (8.2)	UNKNOWN STEP	2025-10-17T12:36:38.0075992Z [36;1mchmod -R 0777 bootstrap storage || true[0m
php-smoke (8.2)	UNKNOWN STEP	2025-10-17T12:36:38.0076306Z [36;1mif [ ! -f .env ]; then cp .env.example .env || true; fi[0m
php-smoke (8.2)	UNKNOWN STEP	2025-10-17T12:36:38.0109577Z shell: /usr/bin/bash -e {0}
php-smoke (8.2)	UNKNOWN STEP	2025-10-17T12:36:38.0109810Z env:
php-smoke (8.2)	UNKNOWN STEP	2025-10-17T12:36:38.0109992Z   COMPOSER_PROCESS_TIMEOUT: 0
php-smoke (8.2)	UNKNOWN STEP	2025-10-17T12:36:38.0110228Z   COMPOSER_NO_INTERACTION: 1
php-smoke (8.2)	UNKNOWN STEP	2025-10-17T12:36:38.0110444Z   COMPOSER_NO_AUDIT: 1
php-smoke (8.2)	UNKNOWN STEP	2025-10-17T12:36:38.0110641Z ##[endgroup]
php-smoke (8.2)	UNKNOWN STEP	2025-10-17T12:36:38.0568285Z cp: cannot stat '.env.example': No such file or directory
php-smoke (8.2)	UNKNOWN STEP	2025-10-17T12:36:38.0596097Z ##[group]Run php artisan --version > artisan-version.txt || true
php-smoke (8.2)	UNKNOWN STEP	2025-10-17T12:36:38.0596557Z [36;1mphp artisan --version > artisan-version.txt || true[0m
php-smoke (8.2)	UNKNOWN STEP	2025-10-17T12:36:38.0596950Z [36;1mphp artisan route:list --no-ansi > route-list.txt || true[0m
php-smoke (8.2)	UNKNOWN STEP	2025-10-17T12:36:38.0629216Z shell: /usr/bin/bash -e {0}
php-smoke (8.2)	UNKNOWN STEP	2025-10-17T12:36:38.0629438Z env:
php-smoke (8.2)	UNKNOWN STEP	2025-10-17T12:36:38.0629623Z   COMPOSER_PROCESS_TIMEOUT: 0
php-smoke (8.2)	UNKNOWN STEP	2025-10-17T12:36:38.0629858Z   COMPOSER_NO_INTERACTION: 1
php-smoke (8.2)	UNKNOWN STEP	2025-10-17T12:36:38.0630078Z   COMPOSER_NO_AUDIT: 1
php-smoke (8.2)	UNKNOWN STEP	2025-10-17T12:36:38.0630267Z ##[endgroup]
php-smoke (8.2)	UNKNOWN STEP	2025-10-17T12:36:38.1262103Z PHP Fatal error:  During inheritance of ArrayAccess: Uncaught ErrorException: Return type of Illuminate\Support\Collection::offsetExists($key) should either be compatible with ArrayAccess::offsetExists(mixed $offset): bool, or the #[\ReturnTypeWillChange] attribute should be used to temporarily suppress the notice in /home/runner/work/POS_HHP/POS_HHP/vendor/laravel/framework/src/Illuminate/Support/Collection.php:1693
php-smoke (8.2)	UNKNOWN STEP	2025-10-17T12:36:38.1264591Z Stack trace:
php-smoke (8.2)	UNKNOWN STEP	2025-10-17T12:36:38.1265559Z #0 /home/runner/work/POS_HHP/POS_HHP/vendor/laravel/framework/src/Illuminate/Support/Collection.php(19): Illuminate\Foundation\Bootstrap\HandleExceptions->handleError()
php-smoke (8.2)	UNKNOWN STEP	2025-10-17T12:36:38.1266707Z #1 /home/runner/work/POS_HHP/POS_HHP/vendor/composer/ClassLoader.php(576): include('...')
php-smoke (8.2)	UNKNOWN STEP	2025-10-17T12:36:38.1267524Z #2 /home/runner/work/POS_HHP/POS_HHP/vendor/composer/ClassLoader.php(427): Composer\Autoload\{closure}()
php-smoke (8.2)	UNKNOWN STEP	2025-10-17T12:36:38.1268648Z #3 /home/runner/work/POS_HHP/POS_HHP/vendor/laravel/framework/src/Illuminate/Support/helpers.php(423): Composer\Autoload\ClassLoader->loadClass()
php-smoke (8.2)	UNKNOWN STEP	2025-10-17T12:36:38.1269867Z #4 /home/runner/work/POS_HHP/POS_HHP/vendor/laravel/framework/src/Illuminate/Foundation/PackageManifest.php(80): collect()
php-smoke (8.2)	UNKNOWN STEP	2025-10-17T12:36:38.1271253Z #5 /home/runner/work/POS_HHP/POS_HHP/vendor/laravel/framework/src/Illuminate/Foundation/Bootstrap/RegisterFacades.php(26): Illuminate\Foundation\PackageManifest->aliases()
php-smoke (8.2)	UNKNOWN STEP	2025-10-17T12:36:38.1272887Z #6 /home/runner/work/POS_HHP/POS_HHP/vendor/laravel/framework/src/Illuminate/Foundation/Application.php(213): Illuminate\Foundation\Bootstrap\RegisterFacades->bootstrap()
php-smoke (8.2)	UNKNOWN STEP	2025-10-17T12:36:38.1274614Z #7 /home/runner/work/POS_HHP/POS_HHP/vendor/laravel/framework/src/Illuminate/Foundation/Console/Kernel.php(296): Illuminate\Foundation\Application->bootstrapWith()
php-smoke (8.2)	UNKNOWN STEP	2025-10-17T12:36:38.1276028Z #8 /home/runner/work/POS_HHP/POS_HHP/vendor/laravel/framework/src/Illuminate/Foundation/Console/Kernel.php(119): Illuminate\Foundation\Console\Kernel->bootstrap()
php-smoke (8.2)	UNKNOWN STEP	2025-10-17T12:36:38.1276862Z #9 /home/runner/work/POS_HHP/POS_HHP/artisan(33): Illuminate\Foundation\Console\Kernel->handle()
php-smoke (8.2)	UNKNOWN STEP	2025-10-17T12:36:38.1277549Z #10 {main} in /home/runner/work/POS_HHP/POS_HHP/vendor/laravel/framework/src/Illuminate/Support/Collection.php on line 19
php-smoke (8.2)	UNKNOWN STEP	2025-10-17T12:36:38.1278580Z PHP Fatal error:  Uncaught ErrorException: Function must be enabled in php.ini by setting 'xdebug.mode' to 'develop' in /home/runner/work/POS_HHP/POS_HHP/vendor/symfony/debug/Exception/FatalErrorException.php:35
php-smoke (8.2)	UNKNOWN STEP	2025-10-17T12:36:38.1279317Z Stack trace:
php-smoke (8.2)	UNKNOWN STEP	2025-10-17T12:36:38.1279642Z #0 [internal function]: Illuminate\Foundation\Bootstrap\HandleExceptions->handleError()
php-smoke (8.2)	UNKNOWN STEP	2025-10-17T12:36:38.1280636Z #1 /home/runner/work/POS_HHP/POS_HHP/vendor/symfony/debug/Exception/FatalErrorException.php(35): xdebug_get_function_stack()
php-smoke (8.2)	UNKNOWN STEP	2025-10-17T12:36:38.1281696Z #2 /home/runner/work/POS_HHP/POS_HHP/vendor/laravel/framework/src/Illuminate/Foundation/Bootstrap/HandleExceptions.php(136): Symfony\Component\Debug\Exception\FatalErrorException->__construct()
php-smoke (8.2)	UNKNOWN STEP	2025-10-17T12:36:38.1283053Z #3 /home/runner/work/POS_HHP/POS_HHP/vendor/laravel/framework/src/Illuminate/Foundation/Bootstrap/HandleExceptions.php(123): Illuminate\Foundation\Bootstrap\HandleExceptions->fatalExceptionFromError()
php-smoke (8.2)	UNKNOWN STEP	2025-10-17T12:36:38.1284014Z #4 [internal function]: Illuminate\Foundation\Bootstrap\HandleExceptions->handleShutdown()
php-smoke (8.2)	UNKNOWN STEP	2025-10-17T12:36:38.1284514Z #5 {main}
php-smoke (8.2)	UNKNOWN STEP	2025-10-17T12:36:38.1285125Z   thrown in /home/runner/work/POS_HHP/POS_HHP/vendor/symfony/debug/Exception/FatalErrorException.php on line 35
php-smoke (8.2)	UNKNOWN STEP	2025-10-17T12:36:38.1918355Z PHP Fatal error:  During inheritance of ArrayAccess: Uncaught ErrorException: Return type of Illuminate\Support\Collection::offsetExists($key) should either be compatible with ArrayAccess::offsetExists(mixed $offset): bool, or the #[\ReturnTypeWillChange] attribute should be used to temporarily suppress the notice in /home/runner/work/POS_HHP/POS_HHP/vendor/laravel/framework/src/Illuminate/Support/Collection.php:1693
php-smoke (8.2)	UNKNOWN STEP	2025-10-17T12:36:38.1920245Z Stack trace:
php-smoke (8.2)	UNKNOWN STEP	2025-10-17T12:36:38.1921073Z #0 /home/runner/work/POS_HHP/POS_HHP/vendor/laravel/framework/src/Illuminate/Support/Collection.php(19): Illuminate\Foundation\Bootstrap\HandleExceptions->handleError()
php-smoke (8.2)	UNKNOWN STEP	2025-10-17T12:36:38.1922204Z #1 /home/runner/work/POS_HHP/POS_HHP/vendor/composer/ClassLoader.php(576): include('...')
php-smoke (8.2)	UNKNOWN STEP	2025-10-17T12:36:38.1922978Z #2 /home/runner/work/POS_HHP/POS_HHP/vendor/composer/ClassLoader.php(427): Composer\Autoload\{closure}()
php-smoke (8.2)	UNKNOWN STEP	2025-10-17T12:36:38.1924017Z #3 /home/runner/work/POS_HHP/POS_HHP/vendor/laravel/framework/src/Illuminate/Support/helpers.php(423): Composer\Autoload\ClassLoader->loadClass()
php-smoke (8.2)	UNKNOWN STEP	2025-10-17T12:36:38.1925852Z #4 /home/runner/work/POS_HHP/POS_HHP/vendor/laravel/framework/src/Illuminate/Foundation/PackageManifest.php(80): collect()
php-smoke (8.2)	UNKNOWN STEP	2025-10-17T12:36:38.1927178Z #5 /home/runner/work/POS_HHP/POS_HHP/vendor/laravel/framework/src/Illuminate/Foundation/Bootstrap/RegisterFacades.php(26): Illuminate\Foundation\PackageManifest->aliases()
php-smoke (8.2)	UNKNOWN STEP	2025-10-17T12:36:38.1928633Z #6 /home/runner/work/POS_HHP/POS_HHP/vendor/laravel/framework/src/Illuminate/Foundation/Application.php(213): Illuminate\Foundation\Bootstrap\RegisterFacades->bootstrap()
php-smoke (8.2)	UNKNOWN STEP	2025-10-17T12:36:38.1930023Z #7 /home/runner/work/POS_HHP/POS_HHP/vendor/laravel/framework/src/Illuminate/Foundation/Console/Kernel.php(296): Illuminate\Foundation\Application->bootstrapWith()
php-smoke (8.2)	UNKNOWN STEP	2025-10-17T12:36:38.1931378Z #8 /home/runner/work/POS_HHP/POS_HHP/vendor/laravel/framework/src/Illuminate/Foundation/Console/Kernel.php(119): Illuminate\Foundation\Console\Kernel->bootstrap()
php-smoke (8.2)	UNKNOWN STEP	2025-10-17T12:36:38.1932397Z #9 /home/runner/work/POS_HHP/POS_HHP/artisan(33): Illuminate\Foundation\Console\Kernel->handle()
php-smoke (8.2)	UNKNOWN STEP	2025-10-17T12:36:38.1933216Z #10 {main} in /home/runner/work/POS_HHP/POS_HHP/vendor/laravel/framework/src/Illuminate/Support/Collection.php on line 19
php-smoke (8.2)	UNKNOWN STEP	2025-10-17T12:36:38.1934637Z PHP Fatal error:  Uncaught ErrorException: Function must be enabled in php.ini by setting 'xdebug.mode' to 'develop' in /home/runner/work/POS_HHP/POS_HHP/vendor/symfony/debug/Exception/FatalErrorException.php:35
php-smoke (8.2)	UNKNOWN STEP	2025-10-17T12:36:38.1935559Z Stack trace:
php-smoke (8.2)	UNKNOWN STEP	2025-10-17T12:36:38.1935951Z #0 [internal function]: Illuminate\Foundation\Bootstrap\HandleExceptions->handleError()
php-smoke (8.2)	UNKNOWN STEP	2025-10-17T12:36:38.1936687Z #1 /home/runner/work/POS_HHP/POS_HHP/vendor/symfony/debug/Exception/FatalErrorException.php(35): xdebug_get_function_stack()
php-smoke (8.2)	UNKNOWN STEP	2025-10-17T12:36:38.1937764Z #2 /home/runner/work/POS_HHP/POS_HHP/vendor/laravel/framework/src/Illuminate/Foundation/Bootstrap/HandleExceptions.php(136): Symfony\Component\Debug\Exception\FatalErrorException->__construct()
php-smoke (8.2)	UNKNOWN STEP	2025-10-17T12:36:38.1939402Z #3 /home/runner/work/POS_HHP/POS_HHP/vendor/laravel/framework/src/Illuminate/Foundation/Bootstrap/HandleExceptions.php(123): Illuminate\Foundation\Bootstrap\HandleExceptions->fatalExceptionFromError()
php-smoke (8.2)	UNKNOWN STEP	2025-10-17T12:36:38.1940355Z #4 [internal function]: Illuminate\Foundation\Bootstrap\HandleExceptions->handleShutdown()
php-smoke (8.2)	UNKNOWN STEP	2025-10-17T12:36:38.1940725Z #5 {main}
php-smoke (8.2)	UNKNOWN STEP	2025-10-17T12:36:38.1941127Z   thrown in /home/runner/work/POS_HHP/POS_HHP/vendor/symfony/debug/Exception/FatalErrorException.php on line 35
php-smoke (8.2)	UNKNOWN STEP	2025-10-17T12:36:38.2062259Z ##[group]Run actions/upload-artifact@v4
php-smoke (8.2)	UNKNOWN STEP	2025-10-17T12:36:38.2062538Z with:
php-smoke (8.2)	UNKNOWN STEP	2025-10-17T12:36:38.2062728Z   name: pr-smoke-php8-18592889129
php-smoke (8.2)	UNKNOWN STEP	2025-10-17T12:36:38.2063178Z   path: artisan-version.txt
php-smoke (8.2)	UNKNOWN STEP	route-list.txt
php-smoke (8.2)	UNKNOWN STEP	bootstrap/cache/*.php
php-smoke (8.2)	UNKNOWN STEP	outdated-direct.json
php-smoke (8.2)	UNKNOWN STEP	outdated-all.json
php-smoke (8.2)	UNKNOWN STEP	
php-smoke (8.2)	UNKNOWN STEP	2025-10-17T12:36:38.2063639Z   if-no-files-found: warn
php-smoke (8.2)	UNKNOWN STEP	2025-10-17T12:36:38.2063865Z   compression-level: 6
php-smoke (8.2)	UNKNOWN STEP	2025-10-17T12:36:38.2064061Z   overwrite: false
php-smoke (8.2)	UNKNOWN STEP	2025-10-17T12:36:38.2064472Z   include-hidden-files: false
php-smoke (8.2)	UNKNOWN STEP	2025-10-17T12:36:38.2064826Z env:
php-smoke (8.2)	UNKNOWN STEP	2025-10-17T12:36:38.2065094Z   COMPOSER_PROCESS_TIMEOUT: 0
php-smoke (8.2)	UNKNOWN STEP	2025-10-17T12:36:38.2065449Z   COMPOSER_NO_INTERACTION: 1
php-smoke (8.2)	UNKNOWN STEP	2025-10-17T12:36:38.2065780Z   COMPOSER_NO_AUDIT: 1
php-smoke (8.2)	UNKNOWN STEP	2025-10-17T12:36:38.2066074Z ##[endgroup]
php-smoke (8.2)	UNKNOWN STEP	2025-10-17T12:36:38.4263785Z Multiple search paths detected. Calculating the least common ancestor of all paths
php-smoke (8.2)	UNKNOWN STEP	2025-10-17T12:36:38.4269601Z The least common ancestor is /home/runner/work/POS_HHP/POS_HHP. This will be the root directory of the artifact
php-smoke (8.2)	UNKNOWN STEP	2025-10-17T12:36:38.4270231Z With the provided path, there will be 4 files uploaded
php-smoke (8.2)	UNKNOWN STEP	2025-10-17T12:36:38.4274617Z Artifact name is valid!
php-smoke (8.2)	UNKNOWN STEP	2025-10-17T12:36:38.4276248Z Root directory input is valid!
php-smoke (8.2)	UNKNOWN STEP	2025-10-17T12:36:38.5814513Z Beginning upload of artifact content to blob storage
php-smoke (8.2)	UNKNOWN STEP	2025-10-17T12:36:38.7475837Z Uploaded bytes 576
php-smoke (8.2)	UNKNOWN STEP	2025-10-17T12:36:38.7900129Z Finished uploading artifact content to blob storage!
php-smoke (8.2)	UNKNOWN STEP	2025-10-17T12:36:38.7903454Z SHA256 digest of uploaded artifact zip is d91f0ffff4666d9b348d4b02948745d39538427a9b875bb92e770196e6ca17b2
php-smoke (8.2)	UNKNOWN STEP	2025-10-17T12:36:38.7905477Z Finalizing artifact upload
php-smoke (8.2)	UNKNOWN STEP	2025-10-17T12:36:38.8985311Z Artifact pr-smoke-php8-18592889129.zip successfully finalized. Artifact ID 4299489066
php-smoke (8.2)	UNKNOWN STEP	2025-10-17T12:36:38.8986545Z Artifact pr-smoke-php8-18592889129 has been successfully uploaded! Final size is 576 bytes. Artifact ID is 4299489066
php-smoke (8.2)	UNKNOWN STEP	2025-10-17T12:36:38.8992917Z Artifact download URL: https://github.com/hplaatjies/POS_HHP/actions/runs/18592889129/artifacts/4299489066
php-smoke (8.2)	UNKNOWN STEP	2025-10-17T12:36:38.9127381Z Post job cleanup.
php-smoke (8.2)	UNKNOWN STEP	2025-10-17T12:36:39.0079402Z [command]/usr/bin/git version
php-smoke (8.2)	UNKNOWN STEP	2025-10-17T12:36:39.0115931Z git version 2.51.0
php-smoke (8.2)	UNKNOWN STEP	2025-10-17T12:36:39.0158823Z Temporarily overriding HOME='/home/runner/work/_temp/3891d12b-3222-44bd-9a0c-21ad484e67fa' before making global git config changes
php-smoke (8.2)	UNKNOWN STEP	2025-10-17T12:36:39.0160136Z Adding repository directory to the temporary git global config as a safe directory
php-smoke (8.2)	UNKNOWN STEP	2025-10-17T12:36:39.0171550Z [command]/usr/bin/git config --global --add safe.directory /home/runner/work/POS_HHP/POS_HHP
php-smoke (8.2)	UNKNOWN STEP	2025-10-17T12:36:39.0205702Z [command]/usr/bin/git config --local --name-only --get-regexp core\.sshCommand
php-smoke (8.2)	UNKNOWN STEP	2025-10-17T12:36:39.0237775Z [command]/usr/bin/git submodule foreach --recursive sh -c "git config --local --name-only --get-regexp 'core\.sshCommand' && git config --local --unset-all 'core.sshCommand' || :"
php-smoke (8.2)	UNKNOWN STEP	2025-10-17T12:36:39.0484905Z [command]/usr/bin/git config --local --name-only --get-regexp http\.https\:\/\/github\.com\/\.extraheader
php-smoke (8.2)	UNKNOWN STEP	2025-10-17T12:36:39.0507285Z http.https://github.com/.extraheader
php-smoke (8.2)	UNKNOWN STEP	2025-10-17T12:36:39.0520753Z [command]/usr/bin/git config --local --unset-all http.https://github.com/.extraheader
php-smoke (8.2)	UNKNOWN STEP	2025-10-17T12:36:39.0552533Z [command]/usr/bin/git submodule foreach --recursive sh -c "git config --local --name-only --get-regexp 'http\.https\:\/\/github\.com\/\.extraheader' && git config --local --unset-all 'http.https://github.com/.extraheader' || :"
php-smoke (8.2)	UNKNOWN STEP	2025-10-17T12:36:39.0893371Z Cleaning up orphan processes
